Archive member included to satisfy reference by file (symbol)

/home/jayanth/quemu-v8/source/optee_os/out/arm/export-ta_arm64/lib/libdl.a(dlfcn.o)
                              ./hello_qemu_ta.o (dlopen)
/home/jayanth/quemu-v8/source/optee_os/out/arm/export-ta_arm64/lib/libutils.a(bget_malloc.o)
                              /home/jayanth/quemu-v8/source/optee_os/out/arm/export-ta_arm64/lib/libdl.a(dlfcn.o) (malloc)
/home/jayanth/quemu-v8/source/optee_os/out/arm/export-ta_arm64/lib/libutils.a(memcpy.o)
                              /home/jayanth/quemu-v8/source/optee_os/out/arm/export-ta_arm64/lib/libdl.a(dlfcn.o) (memcpy)
/home/jayanth/quemu-v8/source/optee_os/out/arm/export-ta_arm64/lib/libutils.a(memset.o)
                              /home/jayanth/quemu-v8/source/optee_os/out/arm/export-ta_arm64/lib/libutils.a(bget_malloc.o) (memset)
/home/jayanth/quemu-v8/source/optee_os/out/arm/export-ta_arm64/lib/libutils.a(strlen.o)
                              /home/jayanth/quemu-v8/source/optee_os/out/arm/export-ta_arm64/lib/libdl.a(dlfcn.o) (strlen)
/home/jayanth/quemu-v8/source/optee_os/out/arm/export-ta_arm64/lib/libutils.a(trace.o)
                              ./hello_qemu_ta.o (trace_printf)
/home/jayanth/quemu-v8/source/optee_os/out/arm/export-ta_arm64/lib/libutils.a(snprintk.o)
                              /home/jayanth/quemu-v8/source/optee_os/out/arm/export-ta_arm64/lib/libutils.a(trace.o) (vsnprintk)
/home/jayanth/quemu-v8/source/optee_os/out/arm/export-ta_arm64/lib/libutils.a(memchr.o)
                              /home/jayanth/quemu-v8/source/optee_os/out/arm/export-ta_arm64/lib/libutils.a(snprintk.o) (memchr)
/home/jayanth/quemu-v8/source/optee_os/out/arm/export-ta_arm64/lib/libutee.a(assert.o)
                              /home/jayanth/quemu-v8/source/optee_os/out/arm/export-ta_arm64/lib/libutils.a(bget_malloc.o) (_assert_log)
/home/jayanth/quemu-v8/source/optee_os/out/arm/export-ta_arm64/lib/libutee.a(tee_uuid_from_str.o)
                              /home/jayanth/quemu-v8/source/optee_os/out/arm/export-ta_arm64/lib/libdl.a(dlfcn.o) (tee_uuid_from_str)
/home/jayanth/quemu-v8/source/optee_os/out/arm/export-ta_arm64/lib/libutee.a(trace_ext.o)
                              /home/jayanth/quemu-v8/source/optee_os/out/arm/export-ta_arm64/lib/libutils.a(trace.o) (trace_ext_puts)
/home/jayanth/quemu-v8/source/optee_os/out/arm/export-ta_arm64/lib/libutee.a(tee_api.o)
                              /home/jayanth/quemu-v8/source/optee_os/out/arm/export-ta_arm64/lib/libdl.a(dlfcn.o) (TEE_CloseTASession)
/home/jayanth/quemu-v8/source/optee_os/out/arm/export-ta_arm64/lib/libutee.a(tee_api_panic.o)
                              /home/jayanth/quemu-v8/source/optee_os/out/arm/export-ta_arm64/lib/libutee.a(tee_api.o) (TEE_Panic)
/home/jayanth/quemu-v8/source/optee_os/out/arm/export-ta_arm64/lib/libutee.a(tee_system_pta.o)
                              /home/jayanth/quemu-v8/source/optee_os/out/arm/export-ta_arm64/lib/libutee.a(tee_api.o) (tee_map_zi)
/home/jayanth/quemu-v8/source/optee_os/out/arm/export-ta_arm64/lib/libutee.a(utee_syscalls_a64.o)
                              /home/jayanth/quemu-v8/source/optee_os/out/arm/export-ta_arm64/lib/libutee.a(assert.o) (_utee_panic)
/home/jayanth/quemu-v8/source/optee_os/out/arm/export-ta_arm64/lib/libutee.a(tcb.o)
                              /home/jayanth/quemu-v8/source/optee_os/out/arm/export-ta_arm64/lib/libdl.a(dlfcn.o) (__utee_tcb_init)
/home/jayanth/quemu-v8/source/optee_os/out/arm/export-ta_arm64/lib/libutee.a(user_ta_entry.o)
                              /home/jayanth/quemu-v8/source/optee_os/out/arm/export-ta_arm64/lib/libdl.a(dlfcn.o) (__utee_call_elf_init_fn)
/home/jayanth/quemu-v8/source/optee_os/out/arm/export-ta_arm64/lib/libutee.a(abort.o)
                              /home/jayanth/quemu-v8/source/optee_os/out/arm/export-ta_arm64/lib/libutee.a(tcb.o) (abort)
/home/jayanth/quemu-v8/source/optee_os/out/arm/export-ta_arm64/lib/libutee.a(tee_api_arith_mpi.o)
                              /home/jayanth/quemu-v8/source/optee_os/out/arm/export-ta_arm64/lib/libutee.a(user_ta_entry.o) (_TEE_MathAPI_Init)
/home/jayanth/quemu-v8/source/optee_os/out/arm/export-ta_arm64/lib/libmbedtls.a(bignum.o)
                              /home/jayanth/quemu-v8/source/optee_os/out/arm/export-ta_arm64/lib/libutee.a(tee_api_arith_mpi.o) (mbedtls_mpi_init_mempool)
/home/jayanth/quemu-v8/source/optee_os/out/arm/export-ta_arm64/lib/libmbedtls.a(platform_util.o)
                              /home/jayanth/quemu-v8/source/optee_os/out/arm/export-ta_arm64/lib/libmbedtls.a(bignum.o) (mbedtls_platform_zeroize)
/home/jayanth/quemu-v8/source/optee_os/out/arm/export-ta_arm64/lib/libutils.a(isxdigit.o)
                              /home/jayanth/quemu-v8/source/optee_os/out/arm/export-ta_arm64/lib/libutee.a(tee_uuid_from_str.o) (isxdigit)
/home/jayanth/quemu-v8/source/optee_os/out/arm/export-ta_arm64/lib/libutils.a(snprintf.o)
[...]
Memory Configuration

Name             Origin             Length             Attributes
*default*        0x0000000000000000 0xffffffffffffffff

Linker script and memory map


.ta_head        0x0000000000000000       0x20
 *(SORT_BY_ALIGNMENT(.ta_head))
 .ta_head       0x0000000000000000       0x20 ./user_ta_header.o
                0x0000000000000000                ta_head

.text           0x0000000000000020     0x9858
                0x0000000000000020                __text_start = .
 *(SORT_BY_ALIGNMENT(.text) SORT_BY_ALIGNMENT(.text.*))
 .text          0x0000000000000020       0xec /home/jayanth/quemu-v8/source/optee_os/out/arm/export-ta_arm64/lib/libutils.a(memcpy.o)
                0x0000000000000020                memcpy
 .text          0x000000000000010c      0x2f8 ./hello_qemu_ta.o
                0x000000000000010c                TA_CreateEntryPoint
                0x0000000000000140                TA_DestroyEntryPoint
                0x0000000000000164                TA_OpenSessionEntryPoint
                0x00000000000001d4                TA_CloseSessionEntryPoint
                0x00000000000001f8                TA_InvokeCommandEntryPoint
 .text          0x0000000000000404       0x1c ./user_ta_header.o
                0x0000000000000404                __ta_entry
                0x0000000000000418                tahead_get_trace_level
 .text          0x0000000000000420      0x214 /home/jayanth/quemu-v8/source/optee_os/out/arm/export-ta_arm64/lib/libdl.a(dlfcn.o)
                0x00000000000004b8                dlopen
                0x0000000000000578                dlclose
                0x00000000000005c0                dlsym
 .text          0x0000000000000634      0xda4 /home/jayanth/quemu-v8/source/optee_os/out/arm/export-ta_arm64/lib/libutils.a(bget_malloc.o)
                0x0000000000000678                bget
                0x000000000000093c                bgetz
                0x00000000000009c8                brel
                0x0000000000000c84                bgetr
                0x0000000000000d58                bpool
                0x0000000000000e2c                bstats
                0x0000000000000ec4                malloc_reset_stats
                0x0000000000000edc                malloc_get_stats
                0x0000000000000f14                malloc
                0x0000000000000f6c                calloc
                0x0000000000000fd4                realloc
                0x000000000000102c                memalign
                0x00000000000010a4                free
                0x00000000000010bc                free_wipe
                0x00000000000010d4                malloc_add_pool
                0x00000000000011f8                malloc_buffer_is_within_alloced
                0x0000000000001374                malloc_buffer_overlaps_heap
 .text          0x00000000000013d8       0x1c /home/jayanth/quemu-v8/source/optee_os/out/arm/export-ta_arm64/lib/libutils.a(memset.o)
                0x00000000000013d8                memset
 .text          0x00000000000013f4       0x1c /home/jayanth/quemu-v8/source/optee_os/out/arm/export-ta_arm64/lib/libutils.a(strlen.o)
                0x00000000000013f4                strlen
 .text          0x0000000000001410      0x290 /home/jayanth/quemu-v8/source/optee_os/out/arm/export-ta_arm64/lib/libutils.a(trace.o)
                0x0000000000001410                trace_set_level
                0x000000000000142c                trace_get_level
                0x000000000000143c                trace_vprintf
                0x000000000000162c                trace_printf
                0x000000000000169c                dhex_dump
 .text          0x00000000000016a0      0xd50 /home/jayanth/quemu-v8/source/optee_os/out/arm/export-ta_arm64/lib/libutils.a(snprintk.o)
                0x00000000000016a0                __vsnprintf
                0x000000000000172c                vsnprintk
                0x0000000000001784                snprintk
                0x00000000000023a4                __vsprintf
 .text          0x00000000000023f0       0x2c /home/jayanth/quemu-v8/source/optee_os/out/arm/export-ta_arm64/lib/libutils.a(memchr.o)
                0x00000000000023f0                memchr
 .text          0x000000000000241c       0x58 /home/jayanth/quemu-v8/source/optee_os/out/arm/export-ta_arm64/lib/libutee.a(assert.o)
                0x000000000000241c                _assert_log
                0x0000000000002460                _assert_break
 .text          0x0000000000002474      0x1dc /home/jayanth/quemu-v8/source/optee_os/out/arm/export-ta_arm64/lib/libutee.a(tee_uuid_from_str.o)
                0x0000000000002500                tee_uuid_from_str
 .text          0x0000000000002650      0x174 /home/jayanth/quemu-v8/source/optee_os/out/arm/export-ta_arm64/lib/libutee.a(trace_ext.o)
                0x0000000000002650                trace_ext_puts
                0x0000000000002678                trace_ext_get_thread_id
                0x0000000000002680                printf
                0x0000000000002748                puts
                0x0000000000002788                putchar
 .text          0x00000000000027c4      0x750 /home/jayanth/quemu-v8/source/optee_os/out/arm/export-ta_arm64/lib/libutee.a(tee_api.o)
                0x0000000000002870                TEE_CloseTASession
                0x0000000000002898                TEE_GetCancellationFlag
                0x00000000000028c4                TEE_UnmaskCancellation
                0x00000000000028f0                TEE_MaskCancellation
                0x000000000000291c                TEE_CheckMemoryAccessRights
                0x0000000000002b00                TEE_OpenTASession
                0x0000000000002bf8                TEE_InvokeTACommand
                0x0000000000002d20                TEE_SetInstanceData
                0x0000000000002d2c                TEE_GetInstanceData
                0x0000000000002d38                TEE_MemMove
                0x0000000000002d40                TEE_MemCompare
                0x0000000000002d48                TEE_MemFill
                0x0000000000002d50                TEE_GetSystemTime
                0x0000000000002d78                TEE_Wait
                0x0000000000002db4                TEE_GetTAPersistentTime
                0x0000000000002e28                TEE_SetTAPersistentTime
                0x0000000000002e6c                TEE_GetREETime
                0x0000000000002e94                TEE_Malloc
                0x0000000000002ef0                TEE_Realloc
                0x0000000000002ef8                TEE_Free
                0x0000000000002efc                TEE_CacheClean
                0x0000000000002f04                TEE_CacheFlush
                0x0000000000002f0c                TEE_CacheInvalidate
 .text          0x0000000000002f14      0x160 /home/jayanth/quemu-v8/source/optee_os/out/arm/export-ta_arm64/lib/libutee.a(tee_api_panic.o)
                0x0000000000002f30                TEE_Panic
                0x0000000000002f48                __utee_check_outbuf_annotation
                0x0000000000002f94                __utee_check_instring_annotation
                0x0000000000002fc4                __utee_check_outstring_annotation
                0x0000000000003010                __utee_check_out_annotation
                0x0000000000003030                __utee_check_attr_in_annotation
                0x0000000000003054                __utee_check_inout_annotation
 .text          0x0000000000003074      0x178 /home/jayanth/quemu-v8/source/optee_os/out/arm/export-ta_arm64/lib/libutee.a(tee_system_pta.o)
                0x00000000000030fc                tee_map_zi
                0x0000000000003160                tee_unmap
 .text._utee_panic
                0x00000000000031ec        0xc /home/jayanth/quemu-v8/source/optee_os/out/arm/export-ta_arm64/lib/libutee.a(utee_syscalls_a64.o)
                0x00000000000031ec                _utee_panic
 .text._utee_return
                0x00000000000031f8        0xc /home/jayanth/quemu-v8/source/optee_os/out/arm/export-ta_arm64/lib/libutee.a(utee_syscalls_a64.o)
                0x00000000000031f8                _utee_return
 .text._utee_log
                0x0000000000003204        0xc /home/jayanth/quemu-v8/source/optee_os/out/arm/export-ta_arm64/lib/libutee.a(utee_syscalls_a64.o)
                0x0000000000003204                _utee_log
 .text.__utee_panic
                0x0000000000003210        0xc /home/jayanth/quemu-v8/source/optee_os/out/arm/export-ta_arm64/lib/libutee.a(utee_syscalls_a64.o)
                0x0000000000003210                __utee_panic
 .text._utee_get_property
                0x000000000000321c        0xc /home/jayanth/quemu-v8/source/optee_os/out/arm/export-ta_arm64/lib/libutee.a(utee_syscalls_a64.o)
                0x000000000000321c                _utee_get_property
 .text._utee_get_property_name_to_index
                0x0000000000003228        0xc /home/jayanth/quemu-v8/source/optee_os/out/arm/export-ta_arm64/lib/libutee.a(utee_syscalls_a64.o)
                0x0000000000003228                _utee_get_property_name_to_index
 .text._utee_open_ta_session
                0x0000000000003234        0xc /home/jayanth/quemu-v8/source/optee_os/out/arm/export-ta_arm64/lib/libutee.a(utee_syscalls_a64.o)
                0x0000000000003234                _utee_open_ta_session
 .text._utee_close_ta_session
                0x0000000000003240        0xc /home/jayanth/quemu-v8/source/optee_os/out/arm/export-ta_arm64/lib/libutee.a(utee_syscalls_a64.o)
                0x0000000000003240                _utee_close_ta_session
 .text._utee_invoke_ta_command
                0x000000000000324c        0xc /home/jayanth/quemu-v8/source/optee_os/out/arm/export-ta_arm64/lib/libutee.a(utee_syscalls_a64.o)
                0x000000000000324c                _utee_invoke_ta_command
 .text._utee_get_cancellation_flag
                0x0000000000003258        0xc /home/jayanth/quemu-v8/source/optee_os/out/arm/export-ta_arm64/lib/libutee.a(utee_syscalls_a64.o)
                0x0000000000003258                _utee_get_cancellation_flag
 .text._utee_check_access_rights
                0x0000000000003264        0xc /home/jayanth/quemu-v8/source/optee_os/out/arm/export-ta_arm64/lib/libutee.a(utee_syscalls_a64.o)
                0x0000000000003264                _utee_check_access_rights
 .text._utee_unmask_cancellation
                0x0000000000003270        0xc /home/jayanth/quemu-v8/source/optee_os/out/arm/export-ta_arm64/lib/libutee.a(utee_syscalls_a64.o)
                0x0000000000003270                _utee_unmask_cancellation
 .text._utee_mask_cancellation
                0x000000000000327c        0xc /home/jayanth/quemu-v8/source/optee_os/out/arm/export-ta_arm64/lib/libutee.a(utee_syscalls_a64.o)
                0x000000000000327c                _utee_mask_cancellation
 .text._utee_wait
                0x0000000000003288        0xc /home/jayanth/quemu-v8/source/optee_os/out/arm/export-ta_arm64/lib/libutee.a(utee_syscalls_a64.o)
                0x0000000000003288                _utee_wait
 .text._utee_get_time
                0x0000000000003294        0xc /home/jayanth/quemu-v8/source/optee_os/out/arm/export-ta_arm64/lib/libutee.a(utee_syscalls_a64.o)
                0x0000000000003294                _utee_get_time
 .text._utee_set_ta_time
                0x00000000000032a0        0xc /home/jayanth/quemu-v8/source/optee_os/out/arm/export-ta_arm64/lib/libutee.a(utee_syscalls_a64.o)
                0x00000000000032a0                _utee_set_ta_time
 .text._utee_cryp_state_alloc
                0x00000000000032ac        0xc /home/jayanth/quemu-v8/source/optee_os/out/arm/export-ta_arm64/lib/libutee.a(utee_syscalls_a64.o)
                0x00000000000032ac                _utee_cryp_state_alloc
 .text._utee_cryp_state_copy
                0x00000000000032b8        0xc /home/jayanth/quemu-v8/source/optee_os/out/arm/export-ta_arm64/lib/libutee.a(utee_syscalls_a64.o)
                0x00000000000032b8                _utee_cryp_state_copy
 .text._utee_cryp_state_free
                0x00000000000032c4        0xc /home/jayanth/quemu-v8/source/optee_os/out/arm/export-ta_arm64/lib/libutee.a(utee_syscalls_a64.o)
                0x00000000000032c4                _utee_cryp_state_free
 .text._utee_hash_init
                0x00000000000032d0        0xc /home/jayanth/quemu-v8/source/optee_os/out/arm/export-ta_arm64/lib/libutee.a(utee_syscalls_a64.o)
                0x00000000000032d0                _utee_hash_init
 .text._utee_hash_update
                0x00000000000032dc        0xc /home/jayanth/quemu-v8/source/optee_os/out/arm/export-ta_arm64/lib/libutee.a(utee_syscalls_a64.o)
                0x00000000000032dc                _utee_hash_update
 .text._utee_hash_final
                0x00000000000032e8        0xc /home/jayanth/quemu-v8/source/optee_os/out/arm/export-ta_arm64/lib/libutee.a(utee_syscalls_a64.o)
                0x00000000000032e8                _utee_hash_final
 .text._utee_cipher_init
                0x00000000000032f4        0xc /home/jayanth/quemu-v8/source/optee_os/out/arm/export-ta_arm64/lib/libutee.a(utee_syscalls_a64.o)
                0x00000000000032f4                _utee_cipher_init
 .text._utee_cipher_update
                0x0000000000003300        0xc /home/jayanth/quemu-v8/source/optee_os/out/arm/export-ta_arm64/lib/libutee.a(utee_syscalls_a64.o)
                0x0000000000003300                _utee_cipher_update
 .text._utee_cipher_final
                0x000000000000330c        0xc /home/jayanth/quemu-v8/source/optee_os/out/arm/export-ta_arm64/lib/libutee.a(utee_syscalls_a64.o)
                0x000000000000330c                _utee_cipher_final
 .text._utee_cryp_obj_get_info
                0x0000000000003318        0xc /home/jayanth/quemu-v8/source/optee_os/out/arm/export-ta_arm64/lib/libutee.a(utee_syscalls_a64.o)
                0x0000000000003318                _utee_cryp_obj_get_info
 .text._utee_cryp_obj_restrict_usage
                0x0000000000003324        0xc /home/jayanth/quemu-v8/source/optee_os/out/arm/export-ta_arm64/lib/libutee.a(utee_syscalls_a64.o)
                0x0000000000003324                _utee_cryp_obj_restrict_usage
 .text._utee_cryp_obj_get_attr
                0x0000000000003330        0xc /home/jayanth/quemu-v8/source/optee_os/out/arm/export-ta_arm64/lib/libutee.a(utee_syscalls_a64.o)
                0x0000000000003330                _utee_cryp_obj_get_attr
 .text._utee_cryp_obj_alloc
                0x000000000000333c        0xc /home/jayanth/quemu-v8/source/optee_os/out/arm/export-ta_arm64/lib/libutee.a(utee_syscalls_a64.o)
                0x000000000000333c                _utee_cryp_obj_alloc
 .text._utee_cryp_obj_close
                0x0000000000003348        0xc /home/jayanth/quemu-v8/source/optee_os/out/arm/export-ta_arm64/lib/libutee.a(utee_syscalls_a64.o)
                0x0000000000003348                _utee_cryp_obj_close
 .text._utee_cryp_obj_reset
                0x0000000000003354        0xc /home/jayanth/quemu-v8/source/optee_os/out/arm/export-ta_arm64/lib/libutee.a(utee_syscalls_a64.o)
                0x0000000000003354                _utee_cryp_obj_reset
 .text._utee_cryp_obj_populate
                0x0000000000003360        0xc /home/jayanth/quemu-v8/source/optee_os/out/arm/export-ta_arm64/lib/libutee.a(utee_syscalls_a64.o)
                0x0000000000003360                _utee_cryp_obj_populate
 .text._utee_cryp_obj_copy
                0x000000000000336c        0xc /home/jayanth/quemu-v8/source/optee_os/out/arm/export-ta_arm64/lib/libutee.a(utee_syscalls_a64.o)
                0x000000000000336c                _utee_cryp_obj_copy
 .text._utee_cryp_derive_key
                0x0000000000003378        0xc /home/jayanth/quemu-v8/source/optee_os/out/arm/export-ta_arm64/lib/libutee.a(utee_syscalls_a64.o)
                0x0000000000003378                _utee_cryp_derive_key
 .text._utee_cryp_random_number_generate
                0x0000000000003384        0xc /home/jayanth/quemu-v8/source/optee_os/out/arm/export-ta_arm64/lib/libutee.a(utee_syscalls_a64.o)
                0x0000000000003384                _utee_cryp_random_number_generate
 .text._utee_authenc_init
                0x0000000000003390        0xc /home/jayanth/quemu-v8/source/optee_os/out/arm/export-ta_arm64/lib/libutee.a(utee_syscalls_a64.o)
                0x0000000000003390                _utee_authenc_init
 .text._utee_authenc_update_aad
                0x000000000000339c        0xc /home/jayanth/quemu-v8/source/optee_os/out/arm/export-ta_arm64/lib/libutee.a(utee_syscalls_a64.o)
                0x000000000000339c                _utee_authenc_update_aad
 .text._utee_authenc_update_payload
                0x00000000000033a8        0xc /home/jayanth/quemu-v8/source/optee_os/out/arm/export-ta_arm64/lib/libutee.a(utee_syscalls_a64.o)
                0x00000000000033a8                _utee_authenc_update_payload
 .text._utee_authenc_enc_final
                0x00000000000033b4        0xc /home/jayanth/quemu-v8/source/optee_os/out/arm/export-ta_arm64/lib/libutee.a(utee_syscalls_a64.o)
                0x00000000000033b4                _utee_authenc_enc_final
 .text._utee_authenc_dec_final
                0x00000000000033c0        0xc /home/jayanth/quemu-v8/source/optee_os/out/arm/export-ta_arm64/lib/libutee.a(utee_syscalls_a64.o)
                0x00000000000033c0                _utee_authenc_dec_final
 .text._utee_asymm_operate
                0x00000000000033cc        0xc /home/jayanth/quemu-v8/source/optee_os/out/arm/export-ta_arm64/lib/libutee.a(utee_syscalls_a64.o)
                0x00000000000033cc                _utee_asymm_operate
 .text._utee_asymm_verify
                0x00000000000033d8        0xc /home/jayanth/quemu-v8/source/optee_os/out/arm/export-ta_arm64/lib/libutee.a(utee_syscalls_a64.o)
                0x00000000000033d8                _utee_asymm_verify
 .text._utee_storage_obj_open
                0x00000000000033e4        0xc /home/jayanth/quemu-v8/source/optee_os/out/arm/export-ta_arm64/lib/libutee.a(utee_syscalls_a64.o)
                0x00000000000033e4                _utee_storage_obj_open
 .text._utee_storage_obj_create
                0x00000000000033f0        0xc /home/jayanth/quemu-v8/source/optee_os/out/arm/export-ta_arm64/lib/libutee.a(utee_syscalls_a64.o)
                0x00000000000033f0                _utee_storage_obj_create
 .text._utee_storage_obj_del
                0x00000000000033fc        0xc /home/jayanth/quemu-v8/source/optee_os/out/arm/export-ta_arm64/lib/libutee.a(utee_syscalls_a64.o)
                0x00000000000033fc                _utee_storage_obj_del
 .text._utee_storage_obj_rename
                0x0000000000003408        0xc /home/jayanth/quemu-v8/source/optee_os/out/arm/export-ta_arm64/lib/libutee.a(utee_syscalls_a64.o)
                0x0000000000003408                _utee_storage_obj_rename
 .text._utee_storage_alloc_enum
                0x0000000000003414        0xc /home/jayanth/quemu-v8/source/optee_os/out/arm/export-ta_arm64/lib/libutee.a(utee_syscalls_a64.o)
                0x0000000000003414                _utee_storage_alloc_enum
 .text._utee_storage_free_enum
                0x0000000000003420        0xc /home/jayanth/quemu-v8/source/optee_os/out/arm/export-ta_arm64/lib/libutee.a(utee_syscalls_a64.o)
                0x0000000000003420                _utee_storage_free_enum
 .text._utee_storage_reset_enum
                0x000000000000342c        0xc /home/jayanth/quemu-v8/source/optee_os/out/arm/export-ta_arm64/lib/libutee.a(utee_syscalls_a64.o)
                0x000000000000342c                _utee_storage_reset_enum
 .text._utee_storage_start_enum
                0x0000000000003438        0xc /home/jayanth/quemu-v8/source/optee_os/out/arm/export-ta_arm64/lib/libutee.a(utee_syscalls_a64.o)
                0x0000000000003438                _utee_storage_start_enum
 .text._utee_storage_next_enum
                0x0000000000003444        0xc /home/jayanth/quemu-v8/source/optee_os/out/arm/export-ta_arm64/lib/libutee.a(utee_syscalls_a64.o)
                0x0000000000003444                _utee_storage_next_enum
 .text._utee_storage_obj_read
                0x0000000000003450        0xc /home/jayanth/quemu-v8/source/optee_os/out/arm/export-ta_arm64/lib/libutee.a(utee_syscalls_a64.o)
                0x0000000000003450                _utee_storage_obj_read
 .text._utee_storage_obj_write
                0x000000000000345c        0xc /home/jayanth/quemu-v8/source/optee_os/out/arm/export-ta_arm64/lib/libutee.a(utee_syscalls_a64.o)
                0x000000000000345c                _utee_storage_obj_write
 .text._utee_storage_obj_trunc
                0x0000000000003468        0xc /home/jayanth/quemu-v8/source/optee_os/out/arm/export-ta_arm64/lib/libutee.a(utee_syscalls_a64.o)
                0x0000000000003468                _utee_storage_obj_trunc
 .text._utee_storage_obj_seek
                0x0000000000003474        0xc /home/jayanth/quemu-v8/source/optee_os/out/arm/export-ta_arm64/lib/libutee.a(utee_syscalls_a64.o)
                0x0000000000003474                _utee_storage_obj_seek
 .text._utee_cryp_obj_generate_key
                0x0000000000003480        0xc /home/jayanth/quemu-v8/source/optee_os/out/arm/export-ta_arm64/lib/libutee.a(utee_syscalls_a64.o)
                0x0000000000003480                _utee_cryp_obj_generate_key
 .text._utee_cache_operation
                0x000000000000348c        0xc /home/jayanth/quemu-v8/source/optee_os/out/arm/export-ta_arm64/lib/libutee.a(utee_syscalls_a64.o)
                0x000000000000348c                _utee_cache_operation
 .text          0x0000000000003498      0x34c /home/jayanth/quemu-v8/source/optee_os/out/arm/export-ta_arm64/lib/libutee.a(tcb.o)
                0x0000000000003498                __utee_tcb_init
                0x00000000000036d8                __tls_get_addr
                0x00000000000036f4                dl_iterate_phdr
 .text          0x00000000000037e4      0x670 /home/jayanth/quemu-v8/source/optee_os/out/arm/export-ta_arm64/lib/libutee.a(user_ta_entry.o)
                0x0000000000003a84                __utee_call_elf_init_fn
                0x0000000000003ba4                __utee_call_elf_fini_fn
                0x0000000000003c4c                __utee_entry
 .text.unlikely
                0x0000000000003e54       0x20 /home/jayanth/quemu-v8/source/optee_os/out/arm/export-ta_arm64/lib/libutee.a(abort.o)
                0x0000000000003e54                abort
 .text          0x0000000000003e74     0x1940 /home/jayanth/quemu-v8/source/optee_os/out/arm/export-ta_arm64/lib/libutee.a(tee_api_arith_mpi.o)
                0x0000000000004670                _TEE_MathAPI_Init
                0x00000000000046c0                TEE_BigIntInit
                0x0000000000004724                TEE_BigIntConvertFromOctetString
                0x00000000000047b8                TEE_BigIntConvertToOctetString
                0x000000000000484c                TEE_BigIntConvertFromS32
                0x00000000000048d0                TEE_BigIntConvertToS32
                0x0000000000004958                TEE_BigIntCmp
                0x00000000000049c0                TEE_BigIntCmpS32
                0x0000000000004b9c                TEE_BigIntShiftRight
                0x0000000000004d08                TEE_BigIntGetBit
                0x0000000000004d54                TEE_BigIntGetBitCount
                0x0000000000004d94                TEE_BigIntAdd
                0x0000000000004da0                TEE_BigIntSub
                0x0000000000004dac                TEE_BigIntNeg
                0x0000000000004e5c                TEE_BigIntMul
                0x0000000000004f44                TEE_BigIntSquare
                0x0000000000004f4c                TEE_BigIntDiv
                0x00000000000050cc                TEE_BigIntMod
                0x0000000000005138                TEE_BigIntAddMod
                0x0000000000005144                TEE_BigIntSubMod
                0x0000000000005150                TEE_BigIntMulMod
                0x000000000000515c                TEE_BigIntSquareMod
                0x0000000000005168                TEE_BigIntInvMod
                0x0000000000005284                TEE_BigIntRelativePrime
                0x0000000000005358                TEE_BigIntComputeExtendedGcd
                0x0000000000005590                TEE_BigIntIsProbablePrime
                0x00000000000055e0                TEE_BigIntInitFMM
                0x00000000000055e4                TEE_BigIntInitFMMContext
                0x00000000000055e8                TEE_BigIntFMMSizeInU32
                0x00000000000055f8                TEE_BigIntFMMContextSizeInU32
                0x0000000000005600                TEE_BigIntConvertToFMM
                0x0000000000005604                TEE_BigIntConvertFromFMM
                0x00000000000056a0                TEE_BigIntComputeFMM
 .text          0x00000000000057b4     0x3cfc /home/jayanth/quemu-v8/source/optee_os/out/arm/export-ta_arm64/lib/libmbedtls.a(bignum.o)
                0x0000000000005cf0                mbedtls_mpi_init
                0x0000000000005d00                mbedtls_mpi_init_mempool
                0x0000000000005d28                mbedtls_mpi_free
                0x0000000000005d94                mbedtls_mpi_grow
                0x0000000000005e7c                mbedtls_mpi_shrink
                0x0000000000005f9c                mbedtls_mpi_copy
                0x0000000000006050                mbedtls_mpi_swap
                0x00000000000060b0                mbedtls_mpi_safe_cond_assign
                0x0000000000006170                mbedtls_mpi_safe_cond_swap
                0x0000000000006250                mbedtls_mpi_lset
                0x00000000000062b8                mbedtls_mpi_get_bit
                0x00000000000062e4                mbedtls_mpi_set_bit
                0x0000000000006370                mbedtls_mpi_lsb
                0x00000000000063c4                mbedtls_mpi_bitlen
                0x0000000000006420                mbedtls_mpi_size
                0x000000000000643c                mbedtls_mpi_read_binary_le
                0x00000000000064e0                mbedtls_mpi_read_binary
                0x00000000000065a8                mbedtls_mpi_write_binary_le
                0x0000000000006660                mbedtls_mpi_write_binary
                0x0000000000006724                mbedtls_mpi_shift_l
                0x0000000000006834                mbedtls_mpi_shift_r
                0x00000000000068f4                mbedtls_mpi_cmp_abs
                0x0000000000006990                mbedtls_mpi_cmp_mpi
                0x0000000000006a64                mbedtls_mpi_lt_mpi_ct
                0x0000000000006b30                mbedtls_mpi_cmp_int
                0x0000000000006b70                mbedtls_mpi_add_abs
                0x0000000000006c90                mbedtls_mpi_sub_abs
                0x0000000000006d64                mbedtls_mpi_add_mpi
                0x0000000000006dec                mbedtls_mpi_sub_mpi
                0x0000000000006e78                mbedtls_mpi_add_int
                0x0000000000006eb8                mbedtls_mpi_sub_int
                0x0000000000006ef8                mbedtls_mpi_mul_mpi
                0x0000000000007044                mbedtls_mpi_mul_int
                0x0000000000007078                mbedtls_mpi_read_string
                0x000000000000725c                mbedtls_mpi_div_mpi
                0x000000000000775c                mbedtls_mpi_div_int
                0x000000000000779c                mbedtls_mpi_mod_mpi
                0x0000000000007850                mbedtls_mpi_mod_int
                0x00000000000078f0                mbedtls_mpi_write_string
                0x0000000000007bbc                mbedtls_mpi_montg_init
                0x0000000000007bf8                mbedtls_mpi_montmul
                0x0000000000007d28                mbedtls_mpi_montred
                0x0000000000007d68                mbedtls_mpi_exp_mod
                0x00000000000083f4                mbedtls_mpi_gcd
                0x000000000000859c                mbedtls_mpi_fill_random
                0x00000000000088c8                mbedtls_mpi_inv_mod
                0x0000000000008cec                mbedtls_mpi_is_prime_ext
                0x0000000000008d94                mbedtls_mpi_is_prime
                0x0000000000008da4                mbedtls_mpi_gen_prime
                0x00000000000090bc                mbedtls_mpi_self_test
 .text          0x00000000000094b0       0x20 /home/jayanth/quemu-v8/source/optee_os/out/arm/export-ta_arm64/lib/libmbedtls.a(platform_util.o)
                0x00000000000094b0                mbedtls_platform_zeroize
 .text          0x00000000000094d0       0x28 /home/jayanth/quemu-v8/source/optee_os/out/arm/export-ta_arm64/lib/libutils.a(isxdigit.o)
                0x00000000000094d0                isxdigit
 .text          0x00000000000094f8       0xd0 /home/jayanth/quemu-v8/source/optee_os/out/arm/export-ta_arm64/lib/libutils.a(snprintf.o)
                0x00000000000094f8                snprintf
                0x0000000000009570                vsnprintf
 .text          0x00000000000095c8       0x14 /home/jayanth/quemu-v8/source/optee_os/out/arm/export-ta_arm64/lib/libutils.a(tolower.o)
                0x00000000000095c8                tolower
 .text          0x00000000000095dc       0x5c /home/jayanth/quemu-v8/source/optee_os/out/arm/export-ta_arm64/lib/libutils.a(memmove.o)
                0x00000000000095dc                memmove
 .text          0x0000000000009638       0x28 /home/jayanth/quemu-v8/source/optee_os/out/arm/export-ta_arm64/lib/libutils.a(strnlen.o)
                0x0000000000009638                strnlen
 .text          0x0000000000009660      0x1a8 /home/jayanth/quemu-v8/source/optee_os/out/arm/export-ta_arm64/lib/libutils.a(mempool.o)
                0x0000000000009660                mempool_alloc_pool
                0x00000000000096c8                mempool_alloc
                0x0000000000009774                mempool_calloc
                0x00000000000097c4                mempool_free
 .text          0x0000000000009808       0x70 /home/jayanth/quemu-v8/source/optee_os/out/arm/export-ta_arm64/lib/libutils.a(consttime_memcmp.o)
                0x0000000000009808                consttime_memcmp
 .text          0x0000000000009878        0x0 /home/jayanth/quemu-v8/source/optee_os/out/arm/export-ta_arm64/lib/libutee.a(utee_syscalls_a64.o)
 .text          0x0000000000009878        0x0 /home/jayanth/quemu-v8/source/optee_os/out/arm/export-ta_arm64/lib/libutee.a(abort.o)
 *(SORT_BY_ALIGNMENT(.stub))
 *(SORT_BY_ALIGNMENT(.glue_7))
 *(SORT_BY_ALIGNMENT(.glue_7t))
 *(SORT_BY_ALIGNMENT(.gnu.linkonce.t.*))
 *(SORT_BY_ALIGNMENT(.vfp11_veneer))
                0x0000000000009878                __text_end = .

.plt            0x0000000000009878        0x0
 *(SORT_BY_ALIGNMENT(.plt))
 .plt           0x0000000000009878        0x0 ./hello_qemu_ta.o

.eh_frame_hdr
 *(SORT_BY_ALIGNMENT(.eh_frame_hdr))
 *(SORT_BY_ALIGNMENT(.eh_frame_entry) SORT_BY_ALIGNMENT(.eh_frame_entry.*))

.eh_frame       0x0000000000009878     0x1e94
 *(SORT_BY_ALIGNMENT(.eh_frame))
 .eh_frame      0x0000000000009878       0xb8 ./hello_qemu_ta.o
 .eh_frame      0x0000000000009930       0x30 ./user_ta_header.o
                                         0x40 (size before relaxing)
 .eh_frame      0x0000000000009960       0xa8 /home/jayanth/quemu-v8/source/optee_os/out/arm/export-ta_arm64/lib/libdl.a(dlfcn.o)
                                         0xb8 (size before relaxing)
 .eh_frame      0x0000000000009a08      0x260 /home/jayanth/quemu-v8/source/optee_os/out/arm/export-ta_arm64/lib/libutils.a(bget_malloc.o)
                                        0x270 (size before relaxing)
 .eh_frame      0x0000000000009c68       0x18 /home/jayanth/quemu-v8/source/optee_os/out/arm/export-ta_arm64/lib/libutils.a(memcpy.o)
                                         0x28 (size before relaxing)
 .eh_frame      0x0000000000009c80       0x18 /home/jayanth/quemu-v8/source/optee_os/out/arm/export-ta_arm64/lib/libutils.a(memset.o)
                                         0x28 (size before relaxing)
 .eh_frame      0x0000000000009c98       0x18 /home/jayanth/quemu-v8/source/optee_os/out/arm/export-ta_arm64/lib/libutils.a(strlen.o)
                                         0x28 (size before relaxing)
 .eh_frame      0x0000000000009cb0       0xa0 /home/jayanth/quemu-v8/source/optee_os/out/arm/export-ta_arm64/lib/libutils.a(trace.o)
                                         0xb8 (size before relaxing)
 .eh_frame      0x0000000000009d50       0xe8 /home/jayanth/quemu-v8/source/optee_os/out/arm/export-ta_arm64/lib/libutils.a(snprintk.o)
                                        0x100 (size before relaxing)
 .eh_frame      0x0000000000009e38       0x18 /home/jayanth/quemu-v8/source/optee_os/out/arm/export-ta_arm64/lib/libutils.a(memchr.o)
                                         0x28 (size before relaxing)
 .eh_frame      0x0000000000009e50       0x38 /home/jayanth/quemu-v8/source/optee_os/out/arm/export-ta_arm64/lib/libutee.a(assert.o)
                                         0x50 (size before relaxing)
 .eh_frame      0x0000000000009e88       0x70 /home/jayanth/quemu-v8/source/optee_os/out/arm/export-ta_arm64/lib/libutee.a(tee_uuid_from_str.o)
                                         0x88 (size before relaxing)
 .eh_frame      0x0000000000009ef8       0xb0 /home/jayanth/quemu-v8/source/optee_os/out/arm/export-ta_arm64/lib/libutee.a(trace_ext.o)
                                         0xc0 (size before relaxing)
 .eh_frame      0x0000000000009fa8      0x338 /home/jayanth/quemu-v8/source/optee_os/out/arm/export-ta_arm64/lib/libutee.a(tee_api.o)
                                        0x350 (size before relaxing)
 .eh_frame      0x000000000000a2e0      0x110 /home/jayanth/quemu-v8/source/optee_os/out/arm/export-ta_arm64/lib/libutee.a(tee_api_panic.o)
                                        0x128 (size before relaxing)
 .eh_frame      0x000000000000a3f0       0x80 /home/jayanth/quemu-v8/source/optee_os/out/arm/export-ta_arm64/lib/libutee.a(tee_system_pta.o)
                                         0x98 (size before relaxing)
 .eh_frame      0x000000000000a470       0x90 /home/jayanth/quemu-v8/source/optee_os/out/arm/export-ta_arm64/lib/libutee.a(tcb.o)
                                         0xa8 (size before relaxing)
 .eh_frame      0x000000000000a500      0x168 /home/jayanth/quemu-v8/source/optee_os/out/arm/export-ta_arm64/lib/libutee.a(user_ta_entry.o)
                                        0x178 (size before relaxing)
 .eh_frame      0x000000000000a668       0x18 /home/jayanth/quemu-v8/source/optee_os/out/arm/export-ta_arm64/lib/libutee.a(abort.o)
                                         0x30 (size before relaxing)
 .eh_frame      0x000000000000a680      0x628 /home/jayanth/quemu-v8/source/optee_os/out/arm/export-ta_arm64/lib/libutee.a(tee_api_arith_mpi.o)
                                        0x640 (size before relaxing)
 .eh_frame      0x000000000000aca8      0x908 /home/jayanth/quemu-v8/source/optee_os/out/arm/export-ta_arm64/lib/libmbedtls.a(bignum.o)
                                        0x918 (size before relaxing)
 .eh_frame      0x000000000000b5b0       0x18 /home/jayanth/quemu-v8/source/optee_os/out/arm/export-ta_arm64/lib/libmbedtls.a(platform_util.o)
                                         0x28 (size before relaxing)
 .eh_frame      0x000000000000b5c8       0x18 /home/jayanth/quemu-v8/source/optee_os/out/arm/export-ta_arm64/lib/libutils.a(isxdigit.o)
                                         0x28 (size before relaxing)
 .eh_frame      0x000000000000b5e0       0x48 /home/jayanth/quemu-v8/source/optee_os/out/arm/export-ta_arm64/lib/libutils.a(snprintf.o)
                                         0x60 (size before relaxing)
 .eh_frame      0x000000000000b628       0x18 /home/jayanth/quemu-v8/source/optee_os/out/arm/export-ta_arm64/lib/libutils.a(tolower.o)
                                         0x28 (size before relaxing)
 .eh_frame      0x000000000000b640       0x18 /home/jayanth/quemu-v8/source/optee_os/out/arm/export-ta_arm64/lib/libutils.a(memmove.o)
                                         0x28 (size before relaxing)
 .eh_frame      0x000000000000b658       0x18 /home/jayanth/quemu-v8/source/optee_os/out/arm/export-ta_arm64/lib/libutils.a(strnlen.o)
                                         0x28 (size before relaxing)
 .eh_frame      0x000000000000b670       0x80 /home/jayanth/quemu-v8/source/optee_os/out/arm/export-ta_arm64/lib/libutils.a(mempool.o)
                                         0x98 (size before relaxing)
 .eh_frame      0x000000000000b6f0       0x1c /home/jayanth/quemu-v8/source/optee_os/out/arm/export-ta_arm64/lib/libutils.a(consttime_memcmp.o)
                                         0x30 (size before relaxing)
 *(SORT_BY_ALIGNMENT(.eh_frame.*))

.gcc_except_table
 *(SORT_BY_ALIGNMENT(.gcc_except_table) SORT_BY_ALIGNMENT(.gcc_except_table.*))

.rodata         0x000000000000b710     0x11f1
 *(SORT_BY_ALIGNMENT(.gnu.linkonce.r.*))
 *(SORT_BY_ALIGNMENT(.rodata) SORT_BY_ALIGNMENT(.rodata.*))
 .rodata.user_ta_header.c
                0x000000000000b710       0x23 ./user_ta_header.o
                0x000000000000b710                ta_num_props
                0x000000000000b728                ta_heap_size
                0x000000000000b730                trace_ext_prefix
 *fill*         0x000000000000b733        0x1 
 .rodata.lib/libdl/dlfcn.c
                0x000000000000b734       0x10 /home/jayanth/quemu-v8/source/optee_os/out/arm/export-ta_arm64/lib/libdl.a(dlfcn.o)
 .rodata.lib/libutils/ext/snprintk.c
                0x000000000000b744       0xac /home/jayanth/quemu-v8/source/optee_os/out/arm/export-ta_arm64/lib/libutils.a(snprintk.o)
 .rodata.lib/libutee/tee_system_pta.c
                0x000000000000b7f0       0x1a /home/jayanth/quemu-v8/source/optee_os/out/arm/export-ta_arm64/lib/libutee.a(tee_system_pta.o)
 *fill*         0x000000000000b80a        0x2 
 .rodata.lib/libmbedtls/mbedtls/library/bignum.c
                0x000000000000b80c      0x2c4 /home/jayanth/quemu-v8/source/optee_os/out/arm/export-ta_arm64/lib/libmbedtls.a(bignum.o)
 .rodata.str1.1.hello_qemu_ta.c
                0x000000000000bad0       0xe7 ./hello_qemu_ta.o
 .rodata.hello_qemu_ta.c
                0x000000000000bbb7       0x70 ./hello_qemu_ta.o
 .rodata.str1.1.user_ta_header.c
                0x000000000000bc27      0x128 ./user_ta_header.o
 .rodata.str1.1.lib/libutils/isoc/bget_malloc.c
                0x000000000000bd4f      0x2c5 /home/jayanth/quemu-v8/source/optee_os/out/arm/export-ta_arm64/lib/libutils.a(bget_malloc.o)
                                        0x2ce (size before relaxing)
 .rodata.lib/libutils/isoc/bget_malloc.c
                0x000000000000c014       0x58 /home/jayanth/quemu-v8/source/optee_os/out/arm/export-ta_arm64/lib/libutils.a(bget_malloc.o)
 .rodata.str1.1.lib/libutils/ext/trace.c
                0x000000000000c06c       0x1a /home/jayanth/quemu-v8/source/optee_os/out/arm/export-ta_arm64/lib/libutils.a(trace.o)
                                         0x1b (size before relaxing)
 .rodata.lib/libutils/ext/trace.c
                0x000000000000c086        0x5 /home/jayanth/quemu-v8/source/optee_os/out/arm/export-ta_arm64/lib/libutils.a(trace.o)
 .rodata.str1.1.lib/libutils/ext/snprintk.c
                0x000000000000c08b       0x38 /home/jayanth/quemu-v8/source/optee_os/out/arm/export-ta_arm64/lib/libutils.a(snprintk.o)
 .rodata.str1.1.lib/libutee/assert.c
                0x000000000000c0c3       0x27 /home/jayanth/quemu-v8/source/optee_os/out/arm/export-ta_arm64/lib/libutee.a(assert.o)
 .rodata.str1.1.lib/libutee/trace_ext.c
                0x000000000000c0ea       0x27 /home/jayanth/quemu-v8/source/optee_os/out/arm/export-ta_arm64/lib/libutee.a(trace_ext.o)
                                          0x2 (size before relaxing)
 .rodata.str1.1.lib/libutee/tee_api.c
                0x000000000000c0ea       0x11 /home/jayanth/quemu-v8/source/optee_os/out/arm/export-ta_arm64/lib/libutee.a(tee_api.o)
 .rodata.lib/libutee/tee_api.c
                0x000000000000c0fb        0xb /home/jayanth/quemu-v8/source/optee_os/out/arm/export-ta_arm64/lib/libutee.a(tee_api.o)
 .rodata.str1.1.lib/libutee/tee_system_pta.c
                0x000000000000c106       0x2a /home/jayanth/quemu-v8/source/optee_os/out/arm/export-ta_arm64/lib/libutee.a(tee_system_pta.o)
 .rodata.str1.1.lib/libutee/arch/arm/tcb.c
                0x000000000000c130       0x96 /home/jayanth/quemu-v8/source/optee_os/out/arm/export-ta_arm64/lib/libutee.a(tcb.o)
 .rodata.lib/libutee/arch/arm/tcb.c
                0x000000000000c1c6       0x20 /home/jayanth/quemu-v8/source/optee_os/out/arm/export-ta_arm64/lib/libutee.a(tcb.o)
 .rodata.str1.1.lib/libutee/arch/arm/user_ta_entry.c
                0x000000000000c1e6       0x19 /home/jayanth/quemu-v8/source/optee_os/out/arm/export-ta_arm64/lib/libutee.a(user_ta_entry.o)
 .rodata.lib/libutee/arch/arm/user_ta_entry.c
                0x000000000000c1ff       0x16 /home/jayanth/quemu-v8/source/optee_os/out/arm/export-ta_arm64/lib/libutee.a(user_ta_entry.o)
 .rodata.str1.1.lib/libutee/abort.c
                0x000000000000c215        0x7 /home/jayanth/quemu-v8/source/optee_os/out/arm/export-ta_arm64/lib/libutee.a(abort.o)
 .rodata.str1.1.lib/libutee/tee_api_arith_mpi.c
                0x000000000000c21c       0xb7 /home/jayanth/quemu-v8/source/optee_os/out/arm/export-ta_arm64/lib/libutee.a(tee_api_arith_mpi.o)
 .rodata.lib/libutee/tee_api_arith_mpi.c
                0x000000000000c2d3      0x13d /home/jayanth/quemu-v8/source/optee_os/out/arm/export-ta_arm64/lib/libutee.a(tee_api_arith_mpi.o)
 .rodata.str1.1.lib/libmbedtls/mbedtls/library/bignum.c
                0x000000000000c410      0x456 /home/jayanth/quemu-v8/source/optee_os/out/arm/export-ta_arm64/lib/libmbedtls.a(bignum.o)
                                        0x45d (size before relaxing)
 .rodata.str1.1.lib/libutils/ext/mempool.c
                0x000000000000c866       0x7a /home/jayanth/quemu-v8/source/optee_os/out/arm/export-ta_arm64/lib/libutils.a(mempool.o)
 .rodata.lib/libutils/ext/mempool.c
                0x000000000000c8e0       0x21 /home/jayanth/quemu-v8/source/optee_os/out/arm/export-ta_arm64/lib/libutils.a(mempool.o)

.gnu.version_d  0x000000000000c908        0x0
 .gnu.version_d
                0x000000000000c908        0x0 ./hello_qemu_ta.o

.gnu.version    0x000000000000c902        0x0
 .gnu.version   0x000000000000c902        0x0 ./hello_qemu_ta.o

.gnu.version_r  0x000000000000c908        0x0
 .gnu.version_r
                0x000000000000c908        0x0 ./hello_qemu_ta.o

.gnu.hash       0x000000000000c908       0x24
 .gnu.hash      0x000000000000c908       0x24 ./hello_qemu_ta.o

.ARM.extab
 *(SORT_BY_ALIGNMENT(.ARM.extab*) SORT_BY_ALIGNMENT(.gnu.linkonce.armextab.*))
                [!provide]                        PROVIDE (__exidx_start = .)

.ARM.exidx
 *(SORT_BY_ALIGNMENT(.ARM.exidx*) SORT_BY_ALIGNMENT(.gnu.linkonce.armexidx.*))
                [!provide]                        PROVIDE (__exidx_end = .)

.ctors
 *(SORT_BY_ALIGNMENT(.ctors))

.dtors
 *(SORT_BY_ALIGNMENT(.dtors))

.dynsym         0x000000000000c930       0x60
 *(SORT_BY_ALIGNMENT(.dynsym))
 .dynsym        0x000000000000c930       0x60 ./hello_qemu_ta.o

.dynstr         0x000000000000c990       0x11
 *(SORT_BY_ALIGNMENT(.dynstr))
 .dynstr        0x000000000000c990       0x11 ./hello_qemu_ta.o

.hash           0x000000000000c9a8       0x1c
 *(SORT_BY_ALIGNMENT(.hash))
 .hash          0x000000000000c9a8       0x1c ./hello_qemu_ta.o

.rela.dyn       0x000000000000c9c8      0x228
 .rela.data.rel.ro
                0x000000000000c9c8        0x0 ./hello_qemu_ta.o
 .rela.ifunc    0x000000000000c9c8        0x0 ./hello_qemu_ta.o
 .rela.data.rel.ro.local
                0x000000000000c9c8      0x1b0 ./hello_qemu_ta.o
 .rela.data.rel.local
                0x000000000000cb78       0x60 ./hello_qemu_ta.o
 .rela.data.rel
                0x000000000000cbd8       0x18 ./hello_qemu_ta.o
                0x000000000000d000                . = ALIGN (0x1000)

.dynamic        0x000000000000d000      0x110
 *(SORT_BY_ALIGNMENT(.dynamic))
 .dynamic       0x000000000000d000      0x110 ./hello_qemu_ta.o
                0x000000000000d000                _DYNAMIC

.tdata
 *(SORT_BY_ALIGNMENT(.tdata) SORT_BY_ALIGNMENT(.tdata.*) SORT_BY_ALIGNMENT(.gnu.linkonce.td.*))

.tbss
 *(SORT_BY_ALIGNMENT(.tbss) SORT_BY_ALIGNMENT(.tbss.*) SORT_BY_ALIGNMENT(.gnu.linkonce.tb.*))
 *(SORT_BY_ALIGNMENT(.tcommon))

.got            0x000000000000d110       0x88
 *(SORT_BY_ALIGNMENT(.got.plt))
 .got.plt       0x000000000000d110       0x18 ./hello_qemu_ta.o
 *(SORT_BY_ALIGNMENT(.got))
 .got           0x000000000000d128       0x70 ./hello_qemu_ta.o
                0x000000000000d128                _GLOBAL_OFFSET_TABLE_

.rel.text
 *(SORT_BY_ALIGNMENT(.rel.text))
 *(SORT_BY_ALIGNMENT(.rel.gnu.linkonce.t*))

.rela.text
 *(SORT_BY_ALIGNMENT(.rela.text))
 *(SORT_BY_ALIGNMENT(.rela.gnu.linkonce.t*))

.rel.data
 *(SORT_BY_ALIGNMENT(.rel.data))
 *(SORT_BY_ALIGNMENT(.rel.gnu.linkonce.d*))

.rela.data
 *(SORT_BY_ALIGNMENT(.rela.data))
 *(SORT_BY_ALIGNMENT(.rela.gnu.linkonce.d*))

.rel.tdata
 *(SORT_BY_ALIGNMENT(.rel.tdata) SORT_BY_ALIGNMENT(.rel.tdata.*) SORT_BY_ALIGNMENT(.rel.gnu.linkonce.td.*))

.rela.tdata
 *(SORT_BY_ALIGNMENT(.rela.tdata) SORT_BY_ALIGNMENT(.rela.tdata.*) SORT_BY_ALIGNMENT(.rela.gnu.linkonce.td.*))

.rel.tbss
 *(SORT_BY_ALIGNMENT(.rel.tbss) SORT_BY_ALIGNMENT(.rel.tbss.*) SORT_BY_ALIGNMENT(.rel.gnu.linkonce.tb.*))

.rela.tbss
 *(SORT_BY_ALIGNMENT(.rela.tbss) SORT_BY_ALIGNMENT(.rela.tbss.*) SORT_BY_ALIGNMENT(.rela.gnu.linkonce.tb.*))

.rel.rodata
 *(SORT_BY_ALIGNMENT(.rel.rodata))
 *(SORT_BY_ALIGNMENT(.rel.gnu.linkonce.r*))

.rela.rodata
 *(SORT_BY_ALIGNMENT(.rela.rodata))
 *(SORT_BY_ALIGNMENT(.rela.gnu.linkonce.r*))

.rel.dyn
 *(SORT_BY_ALIGNMENT(.rel.dyn))

.rel.got
 *(SORT_BY_ALIGNMENT(.rel.got))

.rela.got       0x000000000000d198      0x138
 *(SORT_BY_ALIGNMENT(.rela.got))
 .rela.got      0x000000000000d198      0x138 ./hello_qemu_ta.o

.rel.ctors
 *(SORT_BY_ALIGNMENT(.rel.ctors))

.rela.ctors
 *(SORT_BY_ALIGNMENT(.rela.ctors))

.rel.dtors
 *(SORT_BY_ALIGNMENT(.rel.dtors))

.rela.dtors
 *(SORT_BY_ALIGNMENT(.rela.dtors))

.rel.init
 *(SORT_BY_ALIGNMENT(.rel.init))

.rela.init
 *(SORT_BY_ALIGNMENT(.rela.init))

.rel.fini
 *(SORT_BY_ALIGNMENT(.rel.fini))

.rela.fini
 *(SORT_BY_ALIGNMENT(.rela.fini))

.rel.bss
 *(SORT_BY_ALIGNMENT(.rel.bss))

.rela.bss       0x000000000000d2d0        0x0
 *(SORT_BY_ALIGNMENT(.rela.bss))
 .rela.bss      0x000000000000d2d0        0x0 ./hello_qemu_ta.o

.rel.plt
 *(SORT_BY_ALIGNMENT(.rel.plt))

.rela.plt       0x000000000000d2d0        0x0
 *(SORT_BY_ALIGNMENT(.rela.plt))
 .rela.plt      0x000000000000d2d0        0x0 ./hello_qemu_ta.o

.data           0x000000000000d2d0      0x184
 *(SORT_BY_ALIGNMENT(.data) SORT_BY_ALIGNMENT(.data.*) SORT_BY_ALIGNMENT(.gnu.linkonce.d.*))
 .data.rel.ro.local
                0x000000000000d2d0       0xd8 ./user_ta_header.o
                0x000000000000d2d0                ta_props
 .data.rel.local
                0x000000000000d3a8       0x80 /home/jayanth/quemu-v8/source/optee_os/out/arm/export-ta_arm64/lib/libutils.a(bget_malloc.o)
 .data.rel.local
                0x000000000000d428       0x20 /home/jayanth/quemu-v8/source/optee_os/out/arm/export-ta_arm64/lib/libutee.a(user_ta_entry.o)
 .data.rel      0x000000000000d448        0x8 /home/jayanth/quemu-v8/source/optee_os/out/arm/export-ta_arm64/lib/libmbedtls.a(platform_util.o)
 .data          0x000000000000d450        0x4 ./user_ta_header.o
                0x000000000000d450                trace_level
 .data          0x000000000000d454        0x0 ./hello_qemu_ta.o
 .data.rel.ro   0x000000000000d454        0x0 ./hello_qemu_ta.o
 .data          0x000000000000d454        0x0 /home/jayanth/quemu-v8/source/optee_os/out/arm/export-ta_arm64/lib/libdl.a(dlfcn.o)
 .data          0x000000000000d454        0x0 /home/jayanth/quemu-v8/source/optee_os/out/arm/export-ta_arm64/lib/libutils.a(bget_malloc.o)
 .data          0x000000000000d454        0x0 /home/jayanth/quemu-v8/source/optee_os/out/arm/export-ta_arm64/lib/libutils.a(memcpy.o)
 .data          0x000000000000d454        0x0 /home/jayanth/quemu-v8/source/optee_os/out/arm/export-ta_arm64/lib/libutils.a(memset.o)
 .data          0x000000000000d454        0x0 /home/jayanth/quemu-v8/source/optee_os/out/arm/export-ta_arm64/lib/libutils.a(strlen.o)
 .data          0x000000000000d454        0x0 /home/jayanth/quemu-v8/source/optee_os/out/arm/export-ta_arm64/lib/libutils.a(trace.o)
 .data          0x000000000000d454        0x0 /home/jayanth/quemu-v8/source/optee_os/out/arm/export-ta_arm64/lib/libutils.a(snprintk.o)
 .data          0x000000000000d454        0x0 /home/jayanth/quemu-v8/source/optee_os/out/arm/export-ta_arm64/lib/libutils.a(memchr.o)
 .data          0x000000000000d454        0x0 /home/jayanth/quemu-v8/source/optee_os/out/arm/export-ta_arm64/lib/libutee.a(assert.o)
 .data          0x000000000000d454        0x0 /home/jayanth/quemu-v8/source/optee_os/out/arm/export-ta_arm64/lib/libutee.a(tee_uuid_from_str.o)
 .data          0x000000000000d454        0x0 /home/jayanth/quemu-v8/source/optee_os/out/arm/export-ta_arm64/lib/libutee.a(trace_ext.o)
 .data          0x000000000000d454        0x0 /home/jayanth/quemu-v8/source/optee_os/out/arm/export-ta_arm64/lib/libutee.a(tee_api.o)
 .data          0x000000000000d454        0x0 /home/jayanth/quemu-v8/source/optee_os/out/arm/export-ta_arm64/lib/libutee.a(tee_api_panic.o)
 .data          0x000000000000d454        0x0 /home/jayanth/quemu-v8/source/optee_os/out/arm/export-ta_arm64/lib/libutee.a(tee_system_pta.o)
 .data          0x000000000000d454        0x0 /home/jayanth/quemu-v8/source/optee_os/out/arm/export-ta_arm64/lib/libutee.a(utee_syscalls_a64.o)
 .data          0x000000000000d454        0x0 /home/jayanth/quemu-v8/source/optee_os/out/arm/export-ta_arm64/lib/libutee.a(tcb.o)
 .data          0x000000000000d454        0x0 /home/jayanth/quemu-v8/source/optee_os/out/arm/export-ta_arm64/lib/libutee.a(user_ta_entry.o)
 .data          0x000000000000d454        0x0 /home/jayanth/quemu-v8/source/optee_os/out/arm/export-ta_arm64/lib/libutee.a(abort.o)
 .data          0x000000000000d454        0x0 /home/jayanth/quemu-v8/source/optee_os/out/arm/export-ta_arm64/lib/libutee.a(tee_api_arith_mpi.o)
 .data          0x000000000000d454        0x0 /home/jayanth/quemu-v8/source/optee_os/out/arm/export-ta_arm64/lib/libmbedtls.a(bignum.o)
 .data          0x000000000000d454        0x0 /home/jayanth/quemu-v8/source/optee_os/out/arm/export-ta_arm64/lib/libmbedtls.a(platform_util.o)
 .data          0x000000000000d454        0x0 /home/jayanth/quemu-v8/source/optee_os/out/arm/export-ta_arm64/lib/libutils.a(isxdigit.o)
 .data          0x000000000000d454        0x0 /home/jayanth/quemu-v8/source/optee_os/out/arm/export-ta_arm64/lib/libutils.a(snprintf.o)
 .data          0x000000000000d454        0x0 /home/jayanth/quemu-v8/source/optee_os/out/arm/export-ta_arm64/lib/libutils.a(tolower.o)
 .data          0x000000000000d454        0x0 /home/jayanth/quemu-v8/source/optee_os/out/arm/export-ta_arm64/lib/libutils.a(memmove.o)
 .data          0x000000000000d454        0x0 /home/jayanth/quemu-v8/source/optee_os/out/arm/export-ta_arm64/lib/libutils.a(strnlen.o)
 .data          0x000000000000d454        0x0 /home/jayanth/quemu-v8/source/optee_os/out/arm/export-ta_arm64/lib/libutils.a(mempool.o)
 .data          0x000000000000d454        0x0 /home/jayanth/quemu-v8/source/optee_os/out/arm/export-ta_arm64/lib/libutils.a(consttime_memcmp.o)

.bss            0x000000000000d458     0xb0a0
 *(SORT_BY_ALIGNMENT(.bss) SORT_BY_ALIGNMENT(.bss.*) SORT_BY_ALIGNMENT(.gnu.linkonce.b.*) SORT_BY_ALIGNMENT(COMMON))
 .bss           0x000000000000d458       0x10 /home/jayanth/quemu-v8/source/optee_os/out/arm/export-ta_arm64/lib/libdl.a(dlfcn.o)
 .bss           0x000000000000d468        0x8 /home/jayanth/quemu-v8/source/optee_os/out/arm/export-ta_arm64/lib/libutee.a(tee_api.o)
 .bss           0x000000000000d470        0x8 /home/jayanth/quemu-v8/source/optee_os/out/arm/export-ta_arm64/lib/libutee.a(tee_system_pta.o)
 .bss           0x000000000000d478       0x10 /home/jayanth/quemu-v8/source/optee_os/out/arm/export-ta_arm64/lib/libutee.a(tcb.o)
 .bss           0x000000000000d488        0x9 /home/jayanth/quemu-v8/source/optee_os/out/arm/export-ta_arm64/lib/libutee.a(user_ta_entry.o)
 *fill*         0x000000000000d491        0x7 
 COMMON         0x000000000000d498       0x58 /home/jayanth/quemu-v8/source/optee_os/out/arm/export-ta_arm64/lib/libutee.a(user_ta_entry.o)
                0x000000000000d498                ta_param_types
                0x000000000000d4a0                ta_params
                0x000000000000d4e0                __elf_phdr_info
 .bss           0x000000000000d4f0     0x3000 /home/jayanth/quemu-v8/source/optee_os/out/arm/export-ta_arm64/lib/libutee.a(tee_api_arith_mpi.o)
 COMMON         0x00000000000104f0        0x8 /home/jayanth/quemu-v8/source/optee_os/out/arm/export-ta_arm64/lib/libmbedtls.a(bignum.o)
                0x00000000000104f0                mbedtls_mpi_mempool
 .bss           0x00000000000104f8        0x0 ./hello_qemu_ta.o
 .bss           0x00000000000104f8        0x0 ./user_ta_header.o
 COMMON         0x00000000000104f8     0x8000 ./user_ta_header.o
                0x00000000000104f8                ta_heap
 .bss           0x00000000000184f8        0x0 /home/jayanth/quemu-v8/source/optee_os/out/arm/export-ta_arm64/lib/libutils.a(bget_malloc.o)
 .bss           0x00000000000184f8        0x0 /home/jayanth/quemu-v8/source/optee_os/out/arm/export-ta_arm64/lib/libutils.a(memcpy.o)
 .bss           0x00000000000184f8        0x0 /home/jayanth/quemu-v8/source/optee_os/out/arm/export-ta_arm64/lib/libutils.a(memset.o)
 .bss           0x00000000000184f8        0x0 /home/jayanth/quemu-v8/source/optee_os/out/arm/export-ta_arm64/lib/libutils.a(strlen.o)
 .bss           0x00000000000184f8        0x0 /home/jayanth/quemu-v8/source/optee_os/out/arm/export-ta_arm64/lib/libutils.a(trace.o)
 .bss           0x00000000000184f8        0x0 /home/jayanth/quemu-v8/source/optee_os/out/arm/export-ta_arm64/lib/libutils.a(snprintk.o)
 .bss           0x00000000000184f8        0x0 /home/jayanth/quemu-v8/source/optee_os/out/arm/export-ta_arm64/lib/libutils.a(memchr.o)
 .bss           0x00000000000184f8        0x0 /home/jayanth/quemu-v8/source/optee_os/out/arm/export-ta_arm64/lib/libutee.a(assert.o)
 .bss           0x00000000000184f8        0x0 /home/jayanth/quemu-v8/source/optee_os/out/arm/export-ta_arm64/lib/libutee.a(tee_uuid_from_str.o)
 .bss           0x00000000000184f8        0x0 /home/jayanth/quemu-v8/source/optee_os/out/arm/export-ta_arm64/lib/libutee.a(trace_ext.o)
 .bss           0x00000000000184f8        0x0 /home/jayanth/quemu-v8/source/optee_os/out/arm/export-ta_arm64/lib/libutee.a(tee_api_panic.o)
 .bss           0x00000000000184f8        0x0 /home/jayanth/quemu-v8/source/optee_os/out/arm/export-ta_arm64/lib/libutee.a(utee_syscalls_a64.o)
 .bss           0x00000000000184f8        0x0 /home/jayanth/quemu-v8/source/optee_os/out/arm/export-ta_arm64/lib/libutee.a(abort.o)
 .bss           0x00000000000184f8        0x0 /home/jayanth/quemu-v8/source/optee_os/out/arm/export-ta_arm64/lib/libmbedtls.a(bignum.o)
 .bss           0x00000000000184f8        0x0 /home/jayanth/quemu-v8/source/optee_os/out/arm/export-ta_arm64/lib/libmbedtls.a(platform_util.o)
 .bss           0x00000000000184f8        0x0 /home/jayanth/quemu-v8/source/optee_os/out/arm/export-ta_arm64/lib/libutils.a(isxdigit.o)
 .bss           0x00000000000184f8        0x0 /home/jayanth/quemu-v8/source/optee_os/out/arm/export-ta_arm64/lib/libutils.a(snprintf.o)
 .bss           0x00000000000184f8        0x0 /home/jayanth/quemu-v8/source/optee_os/out/arm/export-ta_arm64/lib/libutils.a(tolower.o)
 .bss           0x00000000000184f8        0x0 /home/jayanth/quemu-v8/source/optee_os/out/arm/export-ta_arm64/lib/libutils.a(memmove.o)
 .bss           0x00000000000184f8        0x0 /home/jayanth/quemu-v8/source/optee_os/out/arm/export-ta_arm64/lib/libutils.a(strnlen.o)
 .bss           0x00000000000184f8        0x0 /home/jayanth/quemu-v8/source/optee_os/out/arm/export-ta_arm64/lib/libutils.a(mempool.o)
 .bss           0x00000000000184f8        0x0 /home/jayanth/quemu-v8/source/optee_os/out/arm/export-ta_arm64/lib/libutils.a(consttime_memcmp.o)
                0x00000000000184f8                . = ALIGN (0x8)
                0x00000000000184f8                __ftrace_buf_start = .
                0x00000000000184f8                . = (. + DEFINED (_mcount)?0x800:0x0)
                0x00000000000184f8                __ftrace_buf_end = .

.dynbss         0x00000000000184f8        0x0
 .dynbss        0x00000000000184f8        0x0 ./hello_qemu_ta.o

/DISCARD/
 *(SORT_BY_ALIGNMENT(.interp))
LOAD ./hello_qemu_ta.o
LOAD ./user_ta_header.o
LOAD /home/jayanth/quemu-v8/source/optee_os/out/arm/export-ta_arm64/lib/libdl.a
START GROUP
LOAD /home/jayanth/quemu-v8/source/optee_os/out/arm/export-ta_arm64/lib/libutils.a
LOAD /home/jayanth/quemu-v8/source/optee_os/out/arm/export-ta_arm64/lib/libutee.a
LOAD /home/jayanth/quemu-v8/source/optee_os/out/arm/export-ta_arm64/lib/libmbedtls.a
LOAD /home/jayanth/quemu-v8/source/optee_os/out/arm/export-ta_arm64/lib/libdl.a
END GROUP
LOAD /home/jayanth/quemu-v8/source/toolchains/aarch64/bin/../lib/gcc/aarch64-none-linux-gnu/9.2.1/libgcc.a
LOAD /home/jayanth/quemu-v8/source/optee_os/out/arm/export-ta_arm64/lib/libutils.a
OUTPUT(8aaaf200-2450-11e4-abe2-0002a5d5c51b.elf elf64-littleaarch64)

.debug_info     0x0000000000000000    0x14a0c
 .debug_info    0x0000000000000000      0x887 ./hello_qemu_ta.o
 .debug_info    0x0000000000000887      0x536 ./user_ta_header.o
 .debug_info    0x0000000000000dbd      0x82a /home/jayanth/quemu-v8/source/optee_os/out/arm/export-ta_arm64/lib/libdl.a(dlfcn.o)
 .debug_info    0x00000000000015e7     0x26f0 /home/jayanth/quemu-v8/source/optee_os/out/arm/export-ta_arm64/lib/libutils.a(bget_malloc.o)
 .debug_info    0x0000000000003cd7      0x12e /home/jayanth/quemu-v8/source/optee_os/out/arm/export-ta_arm64/lib/libutils.a(memcpy.o)
 .debug_info    0x0000000000003e05       0xc8 /home/jayanth/quemu-v8/source/optee_os/out/arm/export-ta_arm64/lib/libutils.a(memset.o)
 .debug_info    0x0000000000003ecd       0xb0 /home/jayanth/quemu-v8/source/optee_os/out/arm/export-ta_arm64/lib/libutils.a(strlen.o)
 .debug_info    0x0000000000003f7d      0x69d /home/jayanth/quemu-v8/source/optee_os/out/arm/export-ta_arm64/lib/libutils.a(trace.o)
 .debug_info    0x000000000000461a      0x916 /home/jayanth/quemu-v8/source/optee_os/out/arm/export-ta_arm64/lib/libutils.a(snprintk.o)
 .debug_info    0x0000000000004f30       0xf8 /home/jayanth/quemu-v8/source/optee_os/out/arm/export-ta_arm64/lib/libutils.a(memchr.o)
 .debug_info    0x0000000000005028      0x1e8 /home/jayanth/quemu-v8/source/optee_os/out/arm/export-ta_arm64/lib/libutee.a(assert.o)
 .debug_info    0x0000000000005210      0x433 /home/jayanth/quemu-v8/source/optee_os/out/arm/export-ta_arm64/lib/libutee.a(tee_uuid_from_str.o)
 .debug_info    0x0000000000005643      0x393 /home/jayanth/quemu-v8/source/optee_os/out/arm/export-ta_arm64/lib/libutee.a(trace_ext.o)
 .debug_info    0x00000000000059d6     0x167f /home/jayanth/quemu-v8/source/optee_os/out/arm/export-ta_arm64/lib/libutee.a(tee_api.o)
 .debug_info    0x0000000000007055      0x783 /home/jayanth/quemu-v8/source/optee_os/out/arm/export-ta_arm64/lib/libutee.a(tee_api_panic.o)
 .debug_info    0x00000000000077d8      0x600 /home/jayanth/quemu-v8/source/optee_os/out/arm/export-ta_arm64/lib/libutee.a(tee_system_pta.o)
 .debug_info    0x0000000000007dd8       0x22 /home/jayanth/quemu-v8/source/optee_os/out/arm/export-ta_arm64/lib/libutee.a(utee_syscalls_a64.o)
 .debug_info    0x0000000000007dfa      0x8f5 /home/jayanth/quemu-v8/source/optee_os/out/arm/export-ta_arm64/lib/libutee.a(tcb.o)
 .debug_info    0x00000000000086ef     0x15e4 /home/jayanth/quemu-v8/source/optee_os/out/arm/export-ta_arm64/lib/libutee.a(user_ta_entry.o)
 .debug_info    0x0000000000009cd3      0x138 /home/jayanth/quemu-v8/source/optee_os/out/arm/export-ta_arm64/lib/libutee.a(abort.o)
 .debug_info    0x0000000000009e0b     0x4615 /home/jayanth/quemu-v8/source/optee_os/out/arm/export-ta_arm64/lib/libutee.a(tee_api_arith_mpi.o)
 .debug_info    0x000000000000e420     0x5958 /home/jayanth/quemu-v8/source/optee_os/out/arm/export-ta_arm64/lib/libmbedtls.a(bignum.o)
 .debug_info    0x0000000000013d78      0x14d /home/jayanth/quemu-v8/source/optee_os/out/arm/export-ta_arm64/lib/libmbedtls.a(platform_util.o)
 .debug_info    0x0000000000013ec5       0x6e /home/jayanth/quemu-v8/source/optee_os/out/arm/export-ta_arm64/lib/libutils.a(isxdigit.o)
 .debug_info    0x0000000000013f33      0x271 /home/jayanth/quemu-v8/source/optee_os/out/arm/export-ta_arm64/lib/libutils.a(snprintf.o)
 .debug_info    0x00000000000141a4       0x6e /home/jayanth/quemu-v8/source/optee_os/out/arm/export-ta_arm64/lib/libutils.a(tolower.o)
 .debug_info    0x0000000000014212       0xf5 /home/jayanth/quemu-v8/source/optee_os/out/arm/export-ta_arm64/lib/libutils.a(memmove.o)
 .debug_info    0x0000000000014307       0xc2 /home/jayanth/quemu-v8/source/optee_os/out/arm/export-ta_arm64/lib/libutils.a(strnlen.o)
 .debug_info    0x00000000000143c9      0x516 /home/jayanth/quemu-v8/source/optee_os/out/arm/export-ta_arm64/lib/libutils.a(mempool.o)
 .debug_info    0x00000000000148df      0x12d /home/jayanth/quemu-v8/source/optee_os/out/arm/export-ta_arm64/lib/libutils.a(consttime_memcmp.o)

.debug_abbrev   0x0000000000000000     0x38d8
 .debug_abbrev  0x0000000000000000      0x239 ./hello_qemu_ta.o
 .debug_abbrev  0x0000000000000239      0x1e2 ./user_ta_header.o
 .debug_abbrev  0x000000000000041b      0x263 /home/jayanth/quemu-v8/source/optee_os/out/arm/export-ta_arm64/lib/libdl.a(dlfcn.o)
 .debug_abbrev  0x000000000000067e      0x46a /home/jayanth/quemu-v8/source/optee_os/out/arm/export-ta_arm64/lib/libutils.a(bget_malloc.o)
 .debug_abbrev  0x0000000000000ae8       0xb8 /home/jayanth/quemu-v8/source/optee_os/out/arm/export-ta_arm64/lib/libutils.a(memcpy.o)
 .debug_abbrev  0x0000000000000ba0       0xa3 /home/jayanth/quemu-v8/source/optee_os/out/arm/export-ta_arm64/lib/libutils.a(memset.o)
 .debug_abbrev  0x0000000000000c43       0x87 /home/jayanth/quemu-v8/source/optee_os/out/arm/export-ta_arm64/lib/libutils.a(strlen.o)
 .debug_abbrev  0x0000000000000cca      0x275 /home/jayanth/quemu-v8/source/optee_os/out/arm/export-ta_arm64/lib/libutils.a(trace.o)
 .debug_abbrev  0x0000000000000f3f      0x2c3 /home/jayanth/quemu-v8/source/optee_os/out/arm/export-ta_arm64/lib/libutils.a(snprintk.o)
 .debug_abbrev  0x0000000000001202       0xb2 /home/jayanth/quemu-v8/source/optee_os/out/arm/export-ta_arm64/lib/libutils.a(memchr.o)
 .debug_abbrev  0x00000000000012b4       0xef /home/jayanth/quemu-v8/source/optee_os/out/arm/export-ta_arm64/lib/libutee.a(assert.o)
 .debug_abbrev  0x00000000000013a3      0x1ee /home/jayanth/quemu-v8/source/optee_os/out/arm/export-ta_arm64/lib/libutee.a(tee_uuid_from_str.o)
 .debug_abbrev  0x0000000000001591      0x197 /home/jayanth/quemu-v8/source/optee_os/out/arm/export-ta_arm64/lib/libutee.a(trace_ext.o)
 .debug_abbrev  0x0000000000001728      0x40d /home/jayanth/quemu-v8/source/optee_os/out/arm/export-ta_arm64/lib/libutee.a(tee_api.o)
 .debug_abbrev  0x0000000000001b35      0x1f9 /home/jayanth/quemu-v8/source/optee_os/out/arm/export-ta_arm64/lib/libutee.a(tee_api_panic.o)
 .debug_abbrev  0x0000000000001d2e      0x25b /home/jayanth/quemu-v8/source/optee_os/out/arm/export-ta_arm64/lib/libutee.a(tee_system_pta.o)
 .debug_abbrev  0x0000000000001f89       0x12 /home/jayanth/quemu-v8/source/optee_os/out/arm/export-ta_arm64/lib/libutee.a(utee_syscalls_a64.o)
 .debug_abbrev  0x0000000000001f9b      0x2a0 /home/jayanth/quemu-v8/source/optee_os/out/arm/export-ta_arm64/lib/libutee.a(tcb.o)
 .debug_abbrev  0x000000000000223b      0x4ea /home/jayanth/quemu-v8/source/optee_os/out/arm/export-ta_arm64/lib/libutee.a(user_ta_entry.o)
 .debug_abbrev  0x0000000000002725       0xdd /home/jayanth/quemu-v8/source/optee_os/out/arm/export-ta_arm64/lib/libutee.a(abort.o)
 .debug_abbrev  0x0000000000002802      0x4e5 /home/jayanth/quemu-v8/source/optee_os/out/arm/export-ta_arm64/lib/libutee.a(tee_api_arith_mpi.o)
 .debug_abbrev  0x0000000000002ce7      0x541 /home/jayanth/quemu-v8/source/optee_os/out/arm/export-ta_arm64/lib/libmbedtls.a(bignum.o)
 .debug_abbrev  0x0000000000003228       0xdf /home/jayanth/quemu-v8/source/optee_os/out/arm/export-ta_arm64/lib/libmbedtls.a(platform_util.o)
 .debug_abbrev  0x0000000000003307       0x54 /home/jayanth/quemu-v8/source/optee_os/out/arm/export-ta_arm64/lib/libutils.a(isxdigit.o)
 .debug_abbrev  0x000000000000335b      0x154 /home/jayanth/quemu-v8/source/optee_os/out/arm/export-ta_arm64/lib/libutils.a(snprintf.o)
 .debug_abbrev  0x00000000000034af       0x54 /home/jayanth/quemu-v8/source/optee_os/out/arm/export-ta_arm64/lib/libutils.a(tolower.o)
 .debug_abbrev  0x0000000000003503       0xa4 /home/jayanth/quemu-v8/source/optee_os/out/arm/export-ta_arm64/lib/libutils.a(memmove.o)
 .debug_abbrev  0x00000000000035a7       0x87 /home/jayanth/quemu-v8/source/optee_os/out/arm/export-ta_arm64/lib/libutils.a(strnlen.o)
 .debug_abbrev  0x000000000000362e      0x1ea /home/jayanth/quemu-v8/source/optee_os/out/arm/export-ta_arm64/lib/libutils.a(mempool.o)
 .debug_abbrev  0x0000000000003818       0xc0 /home/jayanth/quemu-v8/source/optee_os/out/arm/export-ta_arm64/lib/libutils.a(consttime_memcmp.o)

.debug_loc      0x0000000000000000    0x1dd5b
 .debug_loc     0x0000000000000000      0x685 ./hello_qemu_ta.o
 .debug_loc     0x0000000000000685      0x119 ./user_ta_header.o
 .debug_loc     0x000000000000079e      0x665 /home/jayanth/quemu-v8/source/optee_os/out/arm/export-ta_arm64/lib/libdl.a(dlfcn.o)
 .debug_loc     0x0000000000000e03     0x4a0c /home/jayanth/quemu-v8/source/optee_os/out/arm/export-ta_arm64/lib/libutils.a(bget_malloc.o)
 .debug_loc     0x000000000000580f      0x679 /home/jayanth/quemu-v8/source/optee_os/out/arm/export-ta_arm64/lib/libutils.a(memcpy.o)
 .debug_loc     0x0000000000005e88       0xe9 /home/jayanth/quemu-v8/source/optee_os/out/arm/export-ta_arm64/lib/libutils.a(memset.o)
 .debug_loc     0x0000000000005f71       0x8c /home/jayanth/quemu-v8/source/optee_os/out/arm/export-ta_arm64/lib/libutils.a(strlen.o)
 .debug_loc     0x0000000000005ffd      0x705 /home/jayanth/quemu-v8/source/optee_os/out/arm/export-ta_arm64/lib/libutils.a(trace.o)
 .debug_loc     0x0000000000006702     0x2bc6 /home/jayanth/quemu-v8/source/optee_os/out/arm/export-ta_arm64/lib/libutils.a(snprintk.o)
 .debug_loc     0x00000000000092c8      0x130 /home/jayanth/quemu-v8/source/optee_os/out/arm/export-ta_arm64/lib/libutils.a(memchr.o)
 .debug_loc     0x00000000000093f8      0x149 /home/jayanth/quemu-v8/source/optee_os/out/arm/export-ta_arm64/lib/libutee.a(assert.o)
 .debug_loc     0x0000000000009541      0x5ad /home/jayanth/quemu-v8/source/optee_os/out/arm/export-ta_arm64/lib/libutee.a(tee_uuid_from_str.o)
 .debug_loc     0x0000000000009aee      0x1c4 /home/jayanth/quemu-v8/source/optee_os/out/arm/export-ta_arm64/lib/libutee.a(trace_ext.o)
 .debug_loc     0x0000000000009cb2     0x1855 /home/jayanth/quemu-v8/source/optee_os/out/arm/export-ta_arm64/lib/libutee.a(tee_api.o)
 .debug_loc     0x000000000000b507      0x9a3 /home/jayanth/quemu-v8/source/optee_os/out/arm/export-ta_arm64/lib/libutee.a(tee_api_panic.o)
 .debug_loc     0x000000000000beaa      0x4f8 /home/jayanth/quemu-v8/source/optee_os/out/arm/export-ta_arm64/lib/libutee.a(tee_system_pta.o)
 .debug_loc     0x000000000000c3a2      0x681 /home/jayanth/quemu-v8/source/optee_os/out/arm/export-ta_arm64/lib/libutee.a(tcb.o)
 .debug_loc     0x000000000000ca23     0x1184 /home/jayanth/quemu-v8/source/optee_os/out/arm/export-ta_arm64/lib/libutee.a(user_ta_entry.o)
 .debug_loc     0x000000000000dba7     0x475e /home/jayanth/quemu-v8/source/optee_os/out/arm/export-ta_arm64/lib/libutee.a(tee_api_arith_mpi.o)
 .debug_loc     0x0000000000012305     0xaa28 /home/jayanth/quemu-v8/source/optee_os/out/arm/export-ta_arm64/lib/libmbedtls.a(bignum.o)
 .debug_loc     0x000000000001cd2d       0xb9 /home/jayanth/quemu-v8/source/optee_os/out/arm/export-ta_arm64/lib/libmbedtls.a(platform_util.o)
 .debug_loc     0x000000000001cde6       0x68 /home/jayanth/quemu-v8/source/optee_os/out/arm/export-ta_arm64/lib/libutils.a(isxdigit.o)
 .debug_loc     0x000000000001ce4e      0x1d2 /home/jayanth/quemu-v8/source/optee_os/out/arm/export-ta_arm64/lib/libutils.a(snprintf.o)
 .debug_loc     0x000000000001d020       0x3d /home/jayanth/quemu-v8/source/optee_os/out/arm/export-ta_arm64/lib/libutils.a(tolower.o)
 .debug_loc     0x000000000001d05d      0x377 /home/jayanth/quemu-v8/source/optee_os/out/arm/export-ta_arm64/lib/libutils.a(memmove.o)
 .debug_loc     0x000000000001d3d4      0x163 /home/jayanth/quemu-v8/source/optee_os/out/arm/export-ta_arm64/lib/libutils.a(strnlen.o)
 .debug_loc     0x000000000001d537      0x601 /home/jayanth/quemu-v8/source/optee_os/out/arm/export-ta_arm64/lib/libutils.a(mempool.o)
 .debug_loc     0x000000000001db38      0x223 /home/jayanth/quemu-v8/source/optee_os/out/arm/export-ta_arm64/lib/libutils.a(consttime_memcmp.o)

.debug_aranges  0x0000000000000000      0x920
 .debug_aranges
                0x0000000000000000       0x30 ./hello_qemu_ta.o
 .debug_aranges
                0x0000000000000030       0x30 ./user_ta_header.o
 .debug_aranges
                0x0000000000000060       0x30 /home/jayanth/quemu-v8/source/optee_os/out/arm/export-ta_arm64/lib/libdl.a(dlfcn.o)
 .debug_aranges
                0x0000000000000090       0x30 /home/jayanth/quemu-v8/source/optee_os/out/arm/export-ta_arm64/lib/libutils.a(bget_malloc.o)
 .debug_aranges
                0x00000000000000c0       0x30 /home/jayanth/quemu-v8/source/optee_os/out/arm/export-ta_arm64/lib/libutils.a(memcpy.o)
 .debug_aranges
                0x00000000000000f0       0x30 /home/jayanth/quemu-v8/source/optee_os/out/arm/export-ta_arm64/lib/libutils.a(memset.o)
 .debug_aranges
                0x0000000000000120       0x30 /home/jayanth/quemu-v8/source/optee_os/out/arm/export-ta_arm64/lib/libutils.a(strlen.o)
 .debug_aranges
                0x0000000000000150       0x30 /home/jayanth/quemu-v8/source/optee_os/out/arm/export-ta_arm64/lib/libutils.a(trace.o)
 .debug_aranges
                0x0000000000000180       0x30 /home/jayanth/quemu-v8/source/optee_os/out/arm/export-ta_arm64/lib/libutils.a(snprintk.o)
 .debug_aranges
                0x00000000000001b0       0x30 /home/jayanth/quemu-v8/source/optee_os/out/arm/export-ta_arm64/lib/libutils.a(memchr.o)
 .debug_aranges
                0x00000000000001e0       0x30 /home/jayanth/quemu-v8/source/optee_os/out/arm/export-ta_arm64/lib/libutee.a(assert.o)
 .debug_aranges
                0x0000000000000210       0x30 /home/jayanth/quemu-v8/source/optee_os/out/arm/export-ta_arm64/lib/libutee.a(tee_uuid_from_str.o)
 .debug_aranges
                0x0000000000000240       0x30 /home/jayanth/quemu-v8/source/optee_os/out/arm/export-ta_arm64/lib/libutee.a(trace_ext.o)
 .debug_aranges
                0x0000000000000270       0x30 /home/jayanth/quemu-v8/source/optee_os/out/arm/export-ta_arm64/lib/libutee.a(tee_api.o)
 .debug_aranges
                0x00000000000002a0       0x30 /home/jayanth/quemu-v8/source/optee_os/out/arm/export-ta_arm64/lib/libutee.a(tee_api_panic.o)
 .debug_aranges
                0x00000000000002d0       0x30 /home/jayanth/quemu-v8/source/optee_os/out/arm/export-ta_arm64/lib/libutee.a(tee_system_pta.o)
 .debug_aranges
                0x0000000000000300      0x3b0 /home/jayanth/quemu-v8/source/optee_os/out/arm/export-ta_arm64/lib/libutee.a(utee_syscalls_a64.o)
 .debug_aranges
                0x00000000000006b0       0x30 /home/jayanth/quemu-v8/source/optee_os/out/arm/export-ta_arm64/lib/libutee.a(tcb.o)
 .debug_aranges
                0x00000000000006e0       0x30 /home/jayanth/quemu-v8/source/optee_os/out/arm/export-ta_arm64/lib/libutee.a(user_ta_entry.o)
 .debug_aranges
                0x0000000000000710       0x30 /home/jayanth/quemu-v8/source/optee_os/out/arm/export-ta_arm64/lib/libutee.a(abort.o)
 .debug_aranges
                0x0000000000000740       0x30 /home/jayanth/quemu-v8/source/optee_os/out/arm/export-ta_arm64/lib/libutee.a(tee_api_arith_mpi.o)
 .debug_aranges
                0x0000000000000770       0x30 /home/jayanth/quemu-v8/source/optee_os/out/arm/export-ta_arm64/lib/libmbedtls.a(bignum.o)
 .debug_aranges
                0x00000000000007a0       0x30 /home/jayanth/quemu-v8/source/optee_os/out/arm/export-ta_arm64/lib/libmbedtls.a(platform_util.o)
 .debug_aranges
                0x00000000000007d0       0x30 /home/jayanth/quemu-v8/source/optee_os/out/arm/export-ta_arm64/lib/libutils.a(isxdigit.o)
 .debug_aranges
                0x0000000000000800       0x30 /home/jayanth/quemu-v8/source/optee_os/out/arm/export-ta_arm64/lib/libutils.a(snprintf.o)
 .debug_aranges
                0x0000000000000830       0x30 /home/jayanth/quemu-v8/source/optee_os/out/arm/export-ta_arm64/lib/libutils.a(tolower.o)
 .debug_aranges
                0x0000000000000860       0x30 /home/jayanth/quemu-v8/source/optee_os/out/arm/export-ta_arm64/lib/libutils.a(memmove.o)
 .debug_aranges
                0x0000000000000890       0x30 /home/jayanth/quemu-v8/source/optee_os/out/arm/export-ta_arm64/lib/libutils.a(strnlen.o)
 .debug_aranges
                0x00000000000008c0       0x30 /home/jayanth/quemu-v8/source/optee_os/out/arm/export-ta_arm64/lib/libutils.a(mempool.o)
 .debug_aranges
                0x00000000000008f0       0x30 /home/jayanth/quemu-v8/source/optee_os/out/arm/export-ta_arm64/lib/libutils.a(consttime_memcmp.o)

.debug_ranges   0x0000000000000000     0x1a00
 .debug_ranges  0x0000000000000000       0x30 ./hello_qemu_ta.o
 .debug_ranges  0x0000000000000030      0x8c0 /home/jayanth/quemu-v8/source/optee_os/out/arm/export-ta_arm64/lib/libutils.a(bget_malloc.o)
 .debug_ranges  0x00000000000008f0       0x70 /home/jayanth/quemu-v8/source/optee_os/out/arm/export-ta_arm64/lib/libutils.a(trace.o)
 .debug_ranges  0x0000000000000960       0x30 /home/jayanth/quemu-v8/source/optee_os/out/arm/export-ta_arm64/lib/libutils.a(snprintk.o)
 .debug_ranges  0x0000000000000990       0x30 /home/jayanth/quemu-v8/source/optee_os/out/arm/export-ta_arm64/lib/libutee.a(tee_uuid_from_str.o)
 .debug_ranges  0x00000000000009c0       0xa0 /home/jayanth/quemu-v8/source/optee_os/out/arm/export-ta_arm64/lib/libutee.a(tee_api.o)
 .debug_ranges  0x0000000000000a60       0xb0 /home/jayanth/quemu-v8/source/optee_os/out/arm/export-ta_arm64/lib/libutee.a(tee_api_panic.o)
 .debug_ranges  0x0000000000000b10       0x40 /home/jayanth/quemu-v8/source/optee_os/out/arm/export-ta_arm64/lib/libutee.a(tee_system_pta.o)
 .debug_ranges  0x0000000000000b50      0x3b0 /home/jayanth/quemu-v8/source/optee_os/out/arm/export-ta_arm64/lib/libutee.a(utee_syscalls_a64.o)
 .debug_ranges  0x0000000000000f00      0x180 /home/jayanth/quemu-v8/source/optee_os/out/arm/export-ta_arm64/lib/libutee.a(user_ta_entry.o)
 .debug_ranges  0x0000000000001080       0x20 /home/jayanth/quemu-v8/source/optee_os/out/arm/export-ta_arm64/lib/libutee.a(abort.o)
 .debug_ranges  0x00000000000010a0      0x580 /home/jayanth/quemu-v8/source/optee_os/out/arm/export-ta_arm64/lib/libutee.a(tee_api_arith_mpi.o)
 .debug_ranges  0x0000000000001620      0x3e0 /home/jayanth/quemu-v8/source/optee_os/out/arm/export-ta_arm64/lib/libmbedtls.a(bignum.o)

.debug_macro    0x0000000000000000    0x1606f
 .debug_macro   0x0000000000000000       0xe4 ./hello_qemu_ta.o
 .debug_macro   0x00000000000000e4      0x97c ./hello_qemu_ta.o
 .debug_macro   0x0000000000000a60      0x16d ./hello_qemu_ta.o
 .debug_macro   0x0000000000000bcd       0xed ./hello_qemu_ta.o
 .debug_macro   0x0000000000000cba      0x9b3 ./hello_qemu_ta.o
 .debug_macro   0x000000000000166d       0x7c ./hello_qemu_ta.o
 .debug_macro   0x00000000000016e9      0x1a7 ./hello_qemu_ta.o
 .debug_macro   0x0000000000001890       0xc4 ./hello_qemu_ta.o
 .debug_macro   0x0000000000001954       0x22 ./hello_qemu_ta.o
 .debug_macro   0x0000000000001976       0x35 ./hello_qemu_ta.o
 .debug_macro   0x00000000000019ab       0x58 ./hello_qemu_ta.o
 .debug_macro   0x0000000000001a03       0x34 ./hello_qemu_ta.o
 .debug_macro   0x0000000000001a37       0x79 ./hello_qemu_ta.o
 .debug_macro   0x0000000000001ab0       0x10 ./hello_qemu_ta.o
 .debug_macro   0x0000000000001ac0       0xd0 ./hello_qemu_ta.o
 .debug_macro   0x0000000000001b90       0x1c ./hello_qemu_ta.o
 .debug_macro   0x0000000000001bac       0x1c ./hello_qemu_ta.o
 .debug_macro   0x0000000000001bc8      0x119 ./user_ta_header.o
 .debug_macro   0x0000000000001ce1      0x97c ./user_ta_header.o
 .debug_macro   0x000000000000265d       0xe1 ./user_ta_header.o
 .debug_macro   0x000000000000273e       0x76 ./user_ta_header.o
 .debug_macro   0x00000000000027b4       0x2e ./user_ta_header.o
 .debug_macro   0x00000000000027e2      0x16b /home/jayanth/quemu-v8/source/optee_os/out/arm/export-ta_arm64/lib/libdl.a(dlfcn.o)
 .debug_macro   0x000000000000294d      0x946 /home/jayanth/quemu-v8/source/optee_os/out/arm/export-ta_arm64/lib/libdl.a(dlfcn.o)
 .debug_macro   0x0000000000003293      0x47a /home/jayanth/quemu-v8/source/optee_os/out/arm/export-ta_arm64/lib/libdl.a(dlfcn.o)
 .debug_macro   0x000000000000370d       0xdb /home/jayanth/quemu-v8/source/optee_os/out/arm/export-ta_arm64/lib/libdl.a(dlfcn.o)
 .debug_macro   0x00000000000037e8       0x82 /home/jayanth/quemu-v8/source/optee_os/out/arm/export-ta_arm64/lib/libdl.a(dlfcn.o)
 .debug_macro   0x000000000000386a       0x2e /home/jayanth/quemu-v8/source/optee_os/out/arm/export-ta_arm64/lib/libdl.a(dlfcn.o)
 .debug_macro   0x0000000000003898       0x33 /home/jayanth/quemu-v8/source/optee_os/out/arm/export-ta_arm64/lib/libdl.a(dlfcn.o)
 .debug_macro   0x00000000000038cb       0x16 /home/jayanth/quemu-v8/source/optee_os/out/arm/export-ta_arm64/lib/libdl.a(dlfcn.o)
 .debug_macro   0x00000000000038e1       0x78 /home/jayanth/quemu-v8/source/optee_os/out/arm/export-ta_arm64/lib/libdl.a(dlfcn.o)
 .debug_macro   0x0000000000003959       0x7c /home/jayanth/quemu-v8/source/optee_os/out/arm/export-ta_arm64/lib/libdl.a(dlfcn.o)
 .debug_macro   0x00000000000039d5      0x153 /home/jayanth/quemu-v8/source/optee_os/out/arm/export-ta_arm64/lib/libutils.a(bget_malloc.o)
 .debug_macro   0x0000000000003b28      0x946 /home/jayanth/quemu-v8/source/optee_os/out/arm/export-ta_arm64/lib/libutils.a(bget_malloc.o)
 .debug_macro   0x000000000000446e       0x16 /home/jayanth/quemu-v8/source/optee_os/out/arm/export-ta_arm64/lib/libutils.a(bget_malloc.o)
 .debug_macro   0x0000000000004484       0x10 /home/jayanth/quemu-v8/source/optee_os/out/arm/export-ta_arm64/lib/libutils.a(bget_malloc.o)
 .debug_macro   0x0000000000004494       0x3c /home/jayanth/quemu-v8/source/optee_os/out/arm/export-ta_arm64/lib/libutils.a(bget_malloc.o)
 .debug_macro   0x00000000000044d0       0x57 /home/jayanth/quemu-v8/source/optee_os/out/arm/export-ta_arm64/lib/libutils.a(memcpy.o)
 .debug_macro   0x0000000000004527      0x940 /home/jayanth/quemu-v8/source/optee_os/out/arm/export-ta_arm64/lib/libutils.a(memcpy.o)
 .debug_macro   0x0000000000004e67       0x7c /home/jayanth/quemu-v8/source/optee_os/out/arm/export-ta_arm64/lib/libutils.a(memcpy.o)
 .debug_macro   0x0000000000004ee3       0x51 /home/jayanth/quemu-v8/source/optee_os/out/arm/export-ta_arm64/lib/libutils.a(memset.o)
 .debug_macro   0x0000000000004f34      0x946 /home/jayanth/quemu-v8/source/optee_os/out/arm/export-ta_arm64/lib/libutils.a(memset.o)
 .debug_macro   0x000000000000587a       0x5a /home/jayanth/quemu-v8/source/optee_os/out/arm/export-ta_arm64/lib/libutils.a(strlen.o)
 .debug_macro   0x00000000000058d4      0x946 /home/jayanth/quemu-v8/source/optee_os/out/arm/export-ta_arm64/lib/libutils.a(strlen.o)
 .debug_macro   0x000000000000621a       0xd6 /home/jayanth/quemu-v8/source/optee_os/out/arm/export-ta_arm64/lib/libutils.a(trace.o)
 .debug_macro   0x00000000000062f0      0x946 /home/jayanth/quemu-v8/source/optee_os/out/arm/export-ta_arm64/lib/libutils.a(trace.o)
 .debug_macro   0x0000000000006c36      0x13d /home/jayanth/quemu-v8/source/optee_os/out/arm/export-ta_arm64/lib/libutils.a(snprintk.o)
 .debug_macro   0x0000000000006d73      0x946 /home/jayanth/quemu-v8/source/optee_os/out/arm/export-ta_arm64/lib/libutils.a(snprintk.o)
 .debug_macro   0x00000000000076b9       0x66 /home/jayanth/quemu-v8/source/optee_os/out/arm/export-ta_arm64/lib/libutils.a(memchr.o)
 .debug_macro   0x000000000000771f      0x946 /home/jayanth/quemu-v8/source/optee_os/out/arm/export-ta_arm64/lib/libutils.a(memchr.o)
 .debug_macro   0x0000000000008065      0x106 /home/jayanth/quemu-v8/source/optee_os/out/arm/export-ta_arm64/lib/libutee.a(assert.o)
 .debug_macro   0x000000000000816b      0x946 /home/jayanth/quemu-v8/source/optee_os/out/arm/export-ta_arm64/lib/libutee.a(assert.o)
 .debug_macro   0x0000000000008ab1       0x10 /home/jayanth/quemu-v8/source/optee_os/out/arm/export-ta_arm64/lib/libutee.a(assert.o)
 .debug_macro   0x0000000000008ac1       0xdf /home/jayanth/quemu-v8/source/optee_os/out/arm/export-ta_arm64/lib/libutee.a(tee_uuid_from_str.o)
 .debug_macro   0x0000000000008ba0      0x946 /home/jayanth/quemu-v8/source/optee_os/out/arm/export-ta_arm64/lib/libutee.a(tee_uuid_from_str.o)
 .debug_macro   0x00000000000094e6       0xf1 /home/jayanth/quemu-v8/source/optee_os/out/arm/export-ta_arm64/lib/libutee.a(trace_ext.o)
 .debug_macro   0x00000000000095d7      0x946 /home/jayanth/quemu-v8/source/optee_os/out/arm/export-ta_arm64/lib/libutee.a(trace_ext.o)
 .debug_macro   0x0000000000009f1d      0x17d /home/jayanth/quemu-v8/source/optee_os/out/arm/export-ta_arm64/lib/libutee.a(tee_api.o)
 .debug_macro   0x000000000000a09a      0x946 /home/jayanth/quemu-v8/source/optee_os/out/arm/export-ta_arm64/lib/libutee.a(tee_api.o)
 .debug_macro   0x000000000000a9e0      0x108 /home/jayanth/quemu-v8/source/optee_os/out/arm/export-ta_arm64/lib/libutee.a(tee_api_panic.o)
 .debug_macro   0x000000000000aae8      0x946 /home/jayanth/quemu-v8/source/optee_os/out/arm/export-ta_arm64/lib/libutee.a(tee_api_panic.o)
 .debug_macro   0x000000000000b42e       0x28 /home/jayanth/quemu-v8/source/optee_os/out/arm/export-ta_arm64/lib/libutee.a(tee_api_panic.o)
 .debug_macro   0x000000000000b456      0x13b /home/jayanth/quemu-v8/source/optee_os/out/arm/export-ta_arm64/lib/libutee.a(tee_system_pta.o)
 .debug_macro   0x000000000000b591      0x946 /home/jayanth/quemu-v8/source/optee_os/out/arm/export-ta_arm64/lib/libutee.a(tee_system_pta.o)
 .debug_macro   0x000000000000bed7      0x189 /home/jayanth/quemu-v8/source/optee_os/out/arm/export-ta_arm64/lib/libutee.a(tcb.o)
 .debug_macro   0x000000000000c060      0x946 /home/jayanth/quemu-v8/source/optee_os/out/arm/export-ta_arm64/lib/libutee.a(tcb.o)
 .debug_macro   0x000000000000c9a6       0x10 /home/jayanth/quemu-v8/source/optee_os/out/arm/export-ta_arm64/lib/libutee.a(tcb.o)
 .debug_macro   0x000000000000c9b6     0x1570 /home/jayanth/quemu-v8/source/optee_os/out/arm/export-ta_arm64/lib/libutee.a(tcb.o)
 .debug_macro   0x000000000000df26       0x5f /home/jayanth/quemu-v8/source/optee_os/out/arm/export-ta_arm64/lib/libutee.a(tcb.o)
 .debug_macro   0x000000000000df85      0x2db /home/jayanth/quemu-v8/source/optee_os/out/arm/export-ta_arm64/lib/libutee.a(tcb.o)
 .debug_macro   0x000000000000e260      0x1d6 /home/jayanth/quemu-v8/source/optee_os/out/arm/export-ta_arm64/lib/libutee.a(user_ta_entry.o)
 .debug_macro   0x000000000000e436      0x946 /home/jayanth/quemu-v8/source/optee_os/out/arm/export-ta_arm64/lib/libutee.a(user_ta_entry.o)
 .debug_macro   0x000000000000ed7c       0x34 /home/jayanth/quemu-v8/source/optee_os/out/arm/export-ta_arm64/lib/libutee.a(user_ta_entry.o)
 .debug_macro   0x000000000000edb0      0x11d /home/jayanth/quemu-v8/source/optee_os/out/arm/export-ta_arm64/lib/libutee.a(abort.o)
 .debug_macro   0x000000000000eecd      0x946 /home/jayanth/quemu-v8/source/optee_os/out/arm/export-ta_arm64/lib/libutee.a(abort.o)
 .debug_macro   0x000000000000f813      0x1b1 /home/jayanth/quemu-v8/source/optee_os/out/arm/export-ta_arm64/lib/libutee.a(tee_api_arith_mpi.o)
 .debug_macro   0x000000000000f9c4      0x946 /home/jayanth/quemu-v8/source/optee_os/out/arm/export-ta_arm64/lib/libutee.a(tee_api_arith_mpi.o)
 .debug_macro   0x000000000001030a      0x124 /home/jayanth/quemu-v8/source/optee_os/out/arm/export-ta_arm64/lib/libutee.a(tee_api_arith_mpi.o)
 .debug_macro   0x000000000001042e       0x79 /home/jayanth/quemu-v8/source/optee_os/out/arm/export-ta_arm64/lib/libutee.a(tee_api_arith_mpi.o)
 .debug_macro   0x00000000000104a7      0x1e9 /home/jayanth/quemu-v8/source/optee_os/out/arm/export-ta_arm64/lib/libutee.a(tee_api_arith_mpi.o)
 .debug_macro   0x0000000000010690      0x1b5 /home/jayanth/quemu-v8/source/optee_os/out/arm/export-ta_arm64/lib/libmbedtls.a(bignum.o)
 .debug_macro   0x0000000000010845      0x946 /home/jayanth/quemu-v8/source/optee_os/out/arm/export-ta_arm64/lib/libmbedtls.a(bignum.o)
 .debug_macro   0x000000000001118b       0x19 /home/jayanth/quemu-v8/source/optee_os/out/arm/export-ta_arm64/lib/libmbedtls.a(bignum.o)
 .debug_macro   0x00000000000111a4       0x1e /home/jayanth/quemu-v8/source/optee_os/out/arm/export-ta_arm64/lib/libmbedtls.a(bignum.o)
 .debug_macro   0x00000000000111c2       0x10 /home/jayanth/quemu-v8/source/optee_os/out/arm/export-ta_arm64/lib/libmbedtls.a(bignum.o)
 .debug_macro   0x00000000000111d2       0x10 /home/jayanth/quemu-v8/source/optee_os/out/arm/export-ta_arm64/lib/libmbedtls.a(bignum.o)
 .debug_macro   0x00000000000111e2      0x14e /home/jayanth/quemu-v8/source/optee_os/out/arm/export-ta_arm64/lib/libmbedtls.a(platform_util.o)
 .debug_macro   0x0000000000011330      0x946 /home/jayanth/quemu-v8/source/optee_os/out/arm/export-ta_arm64/lib/libmbedtls.a(platform_util.o)
 .debug_macro   0x0000000000011c76       0x10 /home/jayanth/quemu-v8/source/optee_os/out/arm/export-ta_arm64/lib/libmbedtls.a(platform_util.o)
 .debug_macro   0x0000000000011c86       0x7f /home/jayanth/quemu-v8/source/optee_os/out/arm/export-ta_arm64/lib/libmbedtls.a(platform_util.o)
 .debug_macro   0x0000000000011d05       0x16 /home/jayanth/quemu-v8/source/optee_os/out/arm/export-ta_arm64/lib/libmbedtls.a(platform_util.o)
 .debug_macro   0x0000000000011d1b       0x24 /home/jayanth/quemu-v8/source/optee_os/out/arm/export-ta_arm64/lib/libutils.a(isxdigit.o)
 .debug_macro   0x0000000000011d3f      0x946 /home/jayanth/quemu-v8/source/optee_os/out/arm/export-ta_arm64/lib/libutils.a(isxdigit.o)
 .debug_macro   0x0000000000012685       0x4d /home/jayanth/quemu-v8/source/optee_os/out/arm/export-ta_arm64/lib/libutils.a(snprintf.o)
 .debug_macro   0x00000000000126d2      0x946 /home/jayanth/quemu-v8/source/optee_os/out/arm/export-ta_arm64/lib/libutils.a(snprintf.o)
 .debug_macro   0x0000000000013018       0x24 /home/jayanth/quemu-v8/source/optee_os/out/arm/export-ta_arm64/lib/libutils.a(tolower.o)
 .debug_macro   0x000000000001303c      0x946 /home/jayanth/quemu-v8/source/optee_os/out/arm/export-ta_arm64/lib/libutils.a(tolower.o)
 .debug_macro   0x0000000000013982       0x64 /home/jayanth/quemu-v8/source/optee_os/out/arm/export-ta_arm64/lib/libutils.a(memmove.o)
 .debug_macro   0x00000000000139e6      0x946 /home/jayanth/quemu-v8/source/optee_os/out/arm/export-ta_arm64/lib/libutils.a(memmove.o)
 .debug_macro   0x000000000001432c       0x45 /home/jayanth/quemu-v8/source/optee_os/out/arm/export-ta_arm64/lib/libutils.a(strnlen.o)
 .debug_macro   0x0000000000014371      0x946 /home/jayanth/quemu-v8/source/optee_os/out/arm/export-ta_arm64/lib/libutils.a(strnlen.o)
 .debug_macro   0x0000000000014cb7       0xed /home/jayanth/quemu-v8/source/optee_os/out/arm/export-ta_arm64/lib/libutils.a(mempool.o)
 .debug_macro   0x0000000000014da4      0x946 /home/jayanth/quemu-v8/source/optee_os/out/arm/export-ta_arm64/lib/libutils.a(mempool.o)
 .debug_macro   0x00000000000156ea       0x3f /home/jayanth/quemu-v8/source/optee_os/out/arm/export-ta_arm64/lib/libutils.a(consttime_memcmp.o)
 .debug_macro   0x0000000000015729      0x946 /home/jayanth/quemu-v8/source/optee_os/out/arm/export-ta_arm64/lib/libutils.a(consttime_memcmp.o)

.debug_line     0x0000000000000000     0xccc4
 .debug_line    0x0000000000000000      0x383 ./hello_qemu_ta.o
 .debug_line    0x0000000000000383      0x2d1 ./user_ta_header.o
 .debug_line    0x0000000000000654      0x485 /home/jayanth/quemu-v8/source/optee_os/out/arm/export-ta_arm64/lib/libdl.a(dlfcn.o)
 .debug_line    0x0000000000000ad9     0x11c4 /home/jayanth/quemu-v8/source/optee_os/out/arm/export-ta_arm64/lib/libutils.a(bget_malloc.o)
 .debug_line    0x0000000000001c9d      0x20b /home/jayanth/quemu-v8/source/optee_os/out/arm/export-ta_arm64/lib/libutils.a(memcpy.o)
 .debug_line    0x0000000000001ea8      0x15c /home/jayanth/quemu-v8/source/optee_os/out/arm/export-ta_arm64/lib/libutils.a(memset.o)
 .debug_line    0x0000000000002004      0x16b /home/jayanth/quemu-v8/source/optee_os/out/arm/export-ta_arm64/lib/libutils.a(strlen.o)
 .debug_line    0x000000000000216f      0x3c9 /home/jayanth/quemu-v8/source/optee_os/out/arm/export-ta_arm64/lib/libutils.a(trace.o)
 .debug_line    0x0000000000002538      0x921 /home/jayanth/quemu-v8/source/optee_os/out/arm/export-ta_arm64/lib/libutils.a(snprintk.o)
 .debug_line    0x0000000000002e59      0x17a /home/jayanth/quemu-v8/source/optee_os/out/arm/export-ta_arm64/lib/libutils.a(memchr.o)
 .debug_line    0x0000000000002fd3      0x2a2 /home/jayanth/quemu-v8/source/optee_os/out/arm/export-ta_arm64/lib/libutee.a(assert.o)
 .debug_line    0x0000000000003275      0x3e3 /home/jayanth/quemu-v8/source/optee_os/out/arm/export-ta_arm64/lib/libutee.a(tee_uuid_from_str.o)
 .debug_line    0x0000000000003658      0x2ea /home/jayanth/quemu-v8/source/optee_os/out/arm/export-ta_arm64/lib/libutee.a(trace_ext.o)
 .debug_line    0x0000000000003942      0x9a1 /home/jayanth/quemu-v8/source/optee_os/out/arm/export-ta_arm64/lib/libutee.a(tee_api.o)
 .debug_line    0x00000000000042e3      0x3a0 /home/jayanth/quemu-v8/source/optee_os/out/arm/export-ta_arm64/lib/libutee.a(tee_api_panic.o)
 .debug_line    0x0000000000004683      0x3ca /home/jayanth/quemu-v8/source/optee_os/out/arm/export-ta_arm64/lib/libutee.a(tee_system_pta.o)
 .debug_line    0x0000000000004a4d      0x528 /home/jayanth/quemu-v8/source/optee_os/out/arm/export-ta_arm64/lib/libutee.a(utee_syscalls_a64.o)
 .debug_line    0x0000000000004f75      0x58c /home/jayanth/quemu-v8/source/optee_os/out/arm/export-ta_arm64/lib/libutee.a(tcb.o)
 .debug_line    0x0000000000005501      0x9d8 /home/jayanth/quemu-v8/source/optee_os/out/arm/export-ta_arm64/lib/libutee.a(user_ta_entry.o)
 .debug_line    0x0000000000005ed9      0x253 /home/jayanth/quemu-v8/source/optee_os/out/arm/export-ta_arm64/lib/libutee.a(abort.o)
 .debug_line    0x000000000000612c     0x1931 /home/jayanth/quemu-v8/source/optee_os/out/arm/export-ta_arm64/lib/libutee.a(tee_api_arith_mpi.o)
 .debug_line    0x0000000000007a5d     0x43c8 /home/jayanth/quemu-v8/source/optee_os/out/arm/export-ta_arm64/lib/libmbedtls.a(bignum.o)
 .debug_line    0x000000000000be25      0x2ac /home/jayanth/quemu-v8/source/optee_os/out/arm/export-ta_arm64/lib/libmbedtls.a(platform_util.o)
 .debug_line    0x000000000000c0d1       0xb5 /home/jayanth/quemu-v8/source/optee_os/out/arm/export-ta_arm64/lib/libutils.a(isxdigit.o)
 .debug_line    0x000000000000c186      0x1a1 /home/jayanth/quemu-v8/source/optee_os/out/arm/export-ta_arm64/lib/libutils.a(snprintf.o)
 .debug_line    0x000000000000c327       0xaf /home/jayanth/quemu-v8/source/optee_os/out/arm/export-ta_arm64/lib/libutils.a(tolower.o)
 .debug_line    0x000000000000c3d6      0x1a0 /home/jayanth/quemu-v8/source/optee_os/out/arm/export-ta_arm64/lib/libutils.a(memmove.o)
 .debug_line    0x000000000000c576      0x16a /home/jayanth/quemu-v8/source/optee_os/out/arm/export-ta_arm64/lib/libutils.a(strnlen.o)
 .debug_line    0x000000000000c6e0      0x3cf /home/jayanth/quemu-v8/source/optee_os/out/arm/export-ta_arm64/lib/libutils.a(mempool.o)
 .debug_line    0x000000000000caaf      0x215 /home/jayanth/quemu-v8/source/optee_os/out/arm/export-ta_arm64/lib/libutils.a(consttime_memcmp.o)

.debug_str      0x0000000000000000    0x16c09
 .debug_str     0x0000000000000000     0x847d ./hello_qemu_ta.o
                                       0x8600 (size before relaxing)
 .debug_str     0x000000000000847d      0xfdd ./user_ta_header.o
                                       0x94b0 (size before relaxing)
 .debug_str     0x000000000000945a     0x16b5 /home/jayanth/quemu-v8/source/optee_os/out/arm/export-ta_arm64/lib/libdl.a(dlfcn.o)
                                       0xa5e6 (size before relaxing)
 .debug_str     0x000000000000ab0f      0x7e6 /home/jayanth/quemu-v8/source/optee_os/out/arm/export-ta_arm64/lib/libutils.a(bget_malloc.o)
                                       0x68ff (size before relaxing)
 .debug_str     0x000000000000b2f5      0x33f /home/jayanth/quemu-v8/source/optee_os/out/arm/export-ta_arm64/lib/libutils.a(memcpy.o)
                                       0x421a (size before relaxing)
 .debug_str     0x000000000000b634      0x135 /home/jayanth/quemu-v8/source/optee_os/out/arm/export-ta_arm64/lib/libutils.a(memset.o)
                                       0x41b4 (size before relaxing)
 .debug_str     0x000000000000b769       0x9a /home/jayanth/quemu-v8/source/optee_os/out/arm/export-ta_arm64/lib/libutils.a(strlen.o)
                                       0x439c (size before relaxing)
 .debug_str     0x000000000000b803      0x155 /home/jayanth/quemu-v8/source/optee_os/out/arm/export-ta_arm64/lib/libutils.a(trace.o)
                                       0x605d (size before relaxing)
 .debug_str     0x000000000000b958      0x5b8 /home/jayanth/quemu-v8/source/optee_os/out/arm/export-ta_arm64/lib/libutils.a(snprintk.o)
                                       0x5593 (size before relaxing)
 .debug_str     0x000000000000bf10       0xb6 /home/jayanth/quemu-v8/source/optee_os/out/arm/export-ta_arm64/lib/libutils.a(memchr.o)
                                       0x43ff (size before relaxing)
 .debug_str     0x000000000000bfc6       0x4c /home/jayanth/quemu-v8/source/optee_os/out/arm/export-ta_arm64/lib/libutee.a(assert.o)